main.c:149:5:main	48	static
main.c:411:6:SystemClock_Config	120	static
main.c:468:13:MX_ETH_Init	8	static
main.c:516:13:MX_SPI1_Init	8	static
main.c:564:13:MX_SPI2_Init	8	static
main.c:612:13:MX_USART3_UART_Init	8	static
main.c:657:13:MX_USB_OTG_FS_PCD_Init	8	static
main.c:689:13:MX_DMA_Init	16	static
main.c:712:13:MX_GPIO_Init	56	static
main.c:838:6:ButtonMatrixUpdate	16	static
main.c:868:5:Button	24	static
main.c:910:6:Write_MFRC522	24	static
main.c:917:6:Read_MFRC522	24	static
main.c:926:6:MFRC522_ToCard	48	static
main.c:1019:6:MFRC522_Request	32	static
main.c:1034:6:ClearBitMask	24	static
main.c:1039:6:SetBitMask	24	static
main.c:1044:6:MFRC522_Read	32	static
main.c:1059:6:MFRC522_Write	56	static
main.c:1091:6:CalulateCRC	40	static
main.c:1121:6:Error_Handler	4	static,ignoring_inline_asm
