main.c:136:5:main	40	static
main.c:316:6:SystemClock_Config	120	static
main.c:375:13:MX_ETH_Init	8	static
main.c:424:13:MX_SPI1_Init	8	static
main.c:472:13:MX_SPI2_Init	8	static
main.c:520:13:MX_USART3_UART_Init	8	static
main.c:568:13:MX_USB_OTG_FS_PCD_Init	8	static
main.c:602:13:MX_DMA_Init	16	static
main.c:626:13:MX_GPIO_Init	56	static
main.c:751:6:ButtonMatrixUpdate	16	static
main.c:781:5:Button	24	static
main.c:823:6:Write_MFRC522	24	static
main.c:830:6:Read_MFRC522	24	static
main.c:839:6:MFRC522_ToCard	48	static
main.c:948:6:MFRC522_Request	32	static
main.c:964:6:ClearBitMask	24	static
main.c:970:6:SetBitMask	24	static
main.c:976:6:MFRC522_Read	32	static
main.c:993:6:MFRC522_Write	56	static
main.c:1027:6:CalulateCRC	40	static
main.c:1061:6:Error_Handler	4	static,ignoring_inline_asm
