ST7735.c:79:6:ST7735_Select	8	static
ST7735.c:84:6:ST7735_Unselect	8	static
ST7735.c:89:6:ST7735_Reset	8	static
ST7735.c:96:8:ST7735_WriteCommand	16	static
ST7735.c:102:6:ST7735_WriteData	16	static
ST7735.c:108:6:DisplayInit	24	static
ST7735.c:135:6:ST7735_SetAddressWindow	32	static
ST7735.c:152:6:ST7735_Init	16	static
ST7735.c:181:6:ST7735_SetRotation	24	static
ST7735.c:241:6:ST7735_DrawPixel	24	static
ST7735.c:254:6:ST7735_WriteChar	48	static
ST7735.c:273:6:ST7735_WriteString	32	static
ST7735.c:299:6:ST7735_FillRectangle	32	static
ST7735.c:319:6:ST7735_DrawImage	24	static
ST7735.c:330:6:ST7735_InvertColors	16	static
