Archive member included to satisfy reference by file (symbol)

c:/stm32cubeide_1.6.1/stm32cubeide/plugins/com.st.stm32cube.ide.mcu.externaltools.gnu-tools-for-stm32.9-2020-q2-update.win32_2.0.0.202105311346/tools/bin/../lib/gcc/arm-none-eabi/9.3.1/../../../../arm-none-eabi/lib/thumb/v7e-m+dp/hard\libc_nano.a(lib_a-errno.o)
                              ./Core/Src/syscalls.o (__errno)
c:/stm32cubeide_1.6.1/stm32cubeide/plugins/com.st.stm32cube.ide.mcu.externaltools.gnu-tools-for-stm32.9-2020-q2-update.win32_2.0.0.202105311346/tools/bin/../lib/gcc/arm-none-eabi/9.3.1/../../../../arm-none-eabi/lib/thumb/v7e-m+dp/hard\libc_nano.a(lib_a-exit.o)
                              c:/stm32cubeide_1.6.1/stm32cubeide/plugins/com.st.stm32cube.ide.mcu.externaltools.gnu-tools-for-stm32.9-2020-q2-update.win32_2.0.0.202105311346/tools/bin/../lib/gcc/arm-none-eabi/9.3.1/../../../../arm-none-eabi/lib/thumb/v7e-m+dp/hard/crt0.o (exit)
c:/stm32cubeide_1.6.1/stm32cubeide/plugins/com.st.stm32cube.ide.mcu.externaltools.gnu-tools-for-stm32.9-2020-q2-update.win32_2.0.0.202105311346/tools/bin/../lib/gcc/arm-none-eabi/9.3.1/../../../../arm-none-eabi/lib/thumb/v7e-m+dp/hard\libc_nano.a(lib_a-impure.o)
                              c:/stm32cubeide_1.6.1/stm32cubeide/plugins/com.st.stm32cube.ide.mcu.externaltools.gnu-tools-for-stm32.9-2020-q2-update.win32_2.0.0.202105311346/tools/bin/../lib/gcc/arm-none-eabi/9.3.1/../../../../arm-none-eabi/lib/thumb/v7e-m+dp/hard\libc_nano.a(lib_a-exit.o) (_global_impure_ptr)
c:/stm32cubeide_1.6.1/stm32cubeide/plugins/com.st.stm32cube.ide.mcu.externaltools.gnu-tools-for-stm32.9-2020-q2-update.win32_2.0.0.202105311346/tools/bin/../lib/gcc/arm-none-eabi/9.3.1/../../../../arm-none-eabi/lib/thumb/v7e-m+dp/hard\libc_nano.a(lib_a-init.o)
                              c:/stm32cubeide_1.6.1/stm32cubeide/plugins/com.st.stm32cube.ide.mcu.externaltools.gnu-tools-for-stm32.9-2020-q2-update.win32_2.0.0.202105311346/tools/bin/../lib/gcc/arm-none-eabi/9.3.1/../../../../arm-none-eabi/lib/thumb/v7e-m+dp/hard/crt0.o (__libc_init_array)
c:/stm32cubeide_1.6.1/stm32cubeide/plugins/com.st.stm32cube.ide.mcu.externaltools.gnu-tools-for-stm32.9-2020-q2-update.win32_2.0.0.202105311346/tools/bin/../lib/gcc/arm-none-eabi/9.3.1/../../../../arm-none-eabi/lib/thumb/v7e-m+dp/hard\libc_nano.a(lib_a-memset.o)
                              c:/stm32cubeide_1.6.1/stm32cubeide/plugins/com.st.stm32cube.ide.mcu.externaltools.gnu-tools-for-stm32.9-2020-q2-update.win32_2.0.0.202105311346/tools/bin/../lib/gcc/arm-none-eabi/9.3.1/../../../../arm-none-eabi/lib/thumb/v7e-m+dp/hard/crt0.o (memset)
c:/stm32cubeide_1.6.1/stm32cubeide/plugins/com.st.stm32cube.ide.mcu.externaltools.gnu-tools-for-stm32.9-2020-q2-update.win32_2.0.0.202105311346/tools/bin/../lib/gcc/arm-none-eabi/9.3.1/thumb/v7e-m+dp/hard\libgcc.a(_aeabi_uldivmod.o)
                              ./Drivers/STM32H7xx_HAL_Driver/stm32h7xx_hal_uart.o (__aeabi_uldivmod)
c:/stm32cubeide_1.6.1/stm32cubeide/plugins/com.st.stm32cube.ide.mcu.externaltools.gnu-tools-for-stm32.9-2020-q2-update.win32_2.0.0.202105311346/tools/bin/../lib/gcc/arm-none-eabi/9.3.1/thumb/v7e-m+dp/hard\libgcc.a(_udivmoddi4.o)
                              c:/stm32cubeide_1.6.1/stm32cubeide/plugins/com.st.stm32cube.ide.mcu.externaltools.gnu-tools-for-stm32.9-2020-q2-update.win32_2.0.0.202105311346/tools/bin/../lib/gcc/arm-none-eabi/9.3.1/thumb/v7e-m+dp/hard\libgcc.a(_aeabi_uldivmod.o) (__udivmoddi4)
c:/stm32cubeide_1.6.1/stm32cubeide/plugins/com.st.stm32cube.ide.mcu.externaltools.gnu-tools-for-stm32.9-2020-q2-update.win32_2.0.0.202105311346/tools/bin/../lib/gcc/arm-none-eabi/9.3.1/thumb/v7e-m+dp/hard\libgcc.a(_dvmd_tls.o)
                              c:/stm32cubeide_1.6.1/stm32cubeide/plugins/com.st.stm32cube.ide.mcu.externaltools.gnu-tools-for-stm32.9-2020-q2-update.win32_2.0.0.202105311346/tools/bin/../lib/gcc/arm-none-eabi/9.3.1/thumb/v7e-m+dp/hard\libgcc.a(_aeabi_uldivmod.o) (__aeabi_ldiv0)

Allocating common symbols
Common symbol       size              file

_xstart             0x1               ./Core/Src/GFX_FUNCTIONS.o
x                   0x4               ./Core/Src/main.o
hspi2               0x88              ./Core/Src/main.o
uid                 0x40              ./Core/Src/main.o
huart3              0x90              ./Core/Src/main.o
_colstart           0x1               ./Core/Src/GFX_FUNCTIONS.o
hpcd_USB_OTG_FS     0x408             ./Core/Src/main.o
cursor_y            0x2               ./Core/Src/GFX_FUNCTIONS.o
hdma_spi2_rx        0x78              ./Core/Src/main.o
uwTick              0x4               ./Drivers/STM32H7xx_HAL_Driver/stm32h7xx_hal.o
pFlash              0x1c              ./Drivers/STM32H7xx_HAL_Driver/stm32h7xx_hal_flash.o
x2                  0x4               ./Core/Src/main.o
_ystart             0x1               ./Core/Src/GFX_FUNCTIONS.o
_rowstart           0x1               ./Core/Src/GFX_FUNCTIONS.o
[...]
Memory Configuration

Name             Origin             Length             Attributes
RAM_D1           0x0000000024000000 0x0000000000080000 xrw
FLASH            0x0000000008000000 0x0000000000100000 xr
DTCMRAM          0x0000000020000000 0x0000000000020000 xrw
RAM_D2           0x0000000030000000 0x0000000000048000 xrw
RAM_D3           0x0000000038000000 0x0000000000010000 xrw
ITCMRAM          0x0000000000000000 0x0000000000010000 xrw
*default*        0x0000000000000000 0xffffffffffffffff

Linker script and memory map

LOAD c:/stm32cubeide_1.6.1/stm32cubeide/plugins/com.st.stm32cube.ide.mcu.externaltools.gnu-tools-for-stm32.9-2020-q2-update.win32_2.0.0.202105311346/tools/bin/../lib/gcc/arm-none-eabi/9.3.1/thumb/v7e-m+dp/hard/crti.o
LOAD c:/stm32cubeide_1.6.1/stm32cubeide/plugins/com.st.stm32cube.ide.mcu.externaltools.gnu-tools-for-stm32.9-2020-q2-update.win32_2.0.0.202105311346/tools/bin/../lib/gcc/arm-none-eabi/9.3.1/thumb/v7e-m+dp/hard/crtbegin.o
LOAD c:/stm32cubeide_1.6.1/stm32cubeide/plugins/com.st.stm32cube.ide.mcu.externaltools.gnu-tools-for-stm32.9-2020-q2-update.win32_2.0.0.202105311346/tools/bin/../lib/gcc/arm-none-eabi/9.3.1/../../../../arm-none-eabi/lib/thumb/v7e-m+dp/hard/crt0.o
LOAD ./Common/Src/system_stm32h7xx_dualcore_boot_cm4_cm7.o
LOAD ./Core/Src/GFX_FUNCTIONS.o
LOAD ./Core/Src/ST7735.o
LOAD ./Core/Src/fonts.o
LOAD ./Core/Src/main.o
LOAD ./Core/Src/stm32h7xx_hal_msp.o
LOAD ./Core/Src/stm32h7xx_it.o
LOAD ./Core/Src/syscalls.o
LOAD ./Core/Src/sysmem.o
LOAD ./Core/Startup/startup_stm32h745zitx.o
LOAD ./Drivers/STM32H7xx_HAL_Driver/stm32h7xx_hal.o
LOAD ./Drivers/STM32H7xx_HAL_Driver/stm32h7xx_hal_cortex.o
LOAD ./Drivers/STM32H7xx_HAL_Driver/stm32h7xx_hal_dma.o
LOAD ./Drivers/STM32H7xx_HAL_Driver/stm32h7xx_hal_dma_ex.o
LOAD ./Drivers/STM32H7xx_HAL_Driver/stm32h7xx_hal_eth.o
LOAD ./Drivers/STM32H7xx_HAL_Driver/stm32h7xx_hal_eth_ex.o
LOAD ./Drivers/STM32H7xx_HAL_Driver/stm32h7xx_hal_exti.o
LOAD ./Drivers/STM32H7xx_HAL_Driver/stm32h7xx_hal_flash.o
LOAD ./Drivers/STM32H7xx_HAL_Driver/stm32h7xx_hal_flash_ex.o
LOAD ./Drivers/STM32H7xx_HAL_Driver/stm32h7xx_hal_gpio.o
LOAD ./Drivers/STM32H7xx_HAL_Driver/stm32h7xx_hal_hsem.o
LOAD ./Drivers/STM32H7xx_HAL_Driver/stm32h7xx_hal_i2c.o
LOAD ./Drivers/STM32H7xx_HAL_Driver/stm32h7xx_hal_i2c_ex.o
LOAD ./Drivers/STM32H7xx_HAL_Driver/stm32h7xx_hal_mdma.o
LOAD ./Drivers/STM32H7xx_HAL_Driver/stm32h7xx_hal_pcd.o
LOAD ./Drivers/STM32H7xx_HAL_Driver/stm32h7xx_hal_pcd_ex.o
LOAD ./Drivers/STM32H7xx_HAL_Driver/stm32h7xx_hal_pwr.o
LOAD ./Drivers/STM32H7xx_HAL_Driver/stm32h7xx_hal_pwr_ex.o
LOAD ./Drivers/STM32H7xx_HAL_Driver/stm32h7xx_hal_rcc.o
LOAD ./Drivers/STM32H7xx_HAL_Driver/stm32h7xx_hal_rcc_ex.o
LOAD ./Drivers/STM32H7xx_HAL_Driver/stm32h7xx_hal_spi.o
LOAD ./Drivers/STM32H7xx_HAL_Driver/stm32h7xx_hal_spi_ex.o
LOAD ./Drivers/STM32H7xx_HAL_Driver/stm32h7xx_hal_tim.o
LOAD ./Drivers/STM32H7xx_HAL_Driver/stm32h7xx_hal_tim_ex.o
LOAD ./Drivers/STM32H7xx_HAL_Driver/stm32h7xx_hal_uart.o
LOAD ./Drivers/STM32H7xx_HAL_Driver/stm32h7xx_hal_uart_ex.o
LOAD ./Drivers/STM32H7xx_HAL_Driver/stm32h7xx_ll_usb.o
START GROUP
LOAD c:/stm32cubeide_1.6.1/stm32cubeide/plugins/com.st.stm32cube.ide.mcu.externaltools.gnu-tools-for-stm32.9-2020-q2-update.win32_2.0.0.202105311346/tools/bin/../lib/gcc/arm-none-eabi/9.3.1/../../../../arm-none-eabi/lib/thumb/v7e-m+dp/hard\libc_nano.a
LOAD c:/stm32cubeide_1.6.1/stm32cubeide/plugins/com.st.stm32cube.ide.mcu.externaltools.gnu-tools-for-stm32.9-2020-q2-update.win32_2.0.0.202105311346/tools/bin/../lib/gcc/arm-none-eabi/9.3.1/../../../../arm-none-eabi/lib/thumb/v7e-m+dp/hard\libm.a
END GROUP
START GROUP
LOAD c:/stm32cubeide_1.6.1/stm32cubeide/plugins/com.st.stm32cube.ide.mcu.externaltools.gnu-tools-for-stm32.9-2020-q2-update.win32_2.0.0.202105311346/tools/bin/../lib/gcc/arm-none-eabi/9.3.1/thumb/v7e-m+dp/hard\libgcc.a
LOAD c:/stm32cubeide_1.6.1/stm32cubeide/plugins/com.st.stm32cube.ide.mcu.externaltools.gnu-tools-for-stm32.9-2020-q2-update.win32_2.0.0.202105311346/tools/bin/../lib/gcc/arm-none-eabi/9.3.1/../../../../arm-none-eabi/lib/thumb/v7e-m+dp/hard\libc_nano.a
END GROUP
START GROUP
LOAD c:/stm32cubeide_1.6.1/stm32cubeide/plugins/com.st.stm32cube.ide.mcu.externaltools.gnu-tools-for-stm32.9-2020-q2-update.win32_2.0.0.202105311346/tools/bin/../lib/gcc/arm-none-eabi/9.3.1/thumb/v7e-m+dp/hard\libgcc.a
LOAD c:/stm32cubeide_1.6.1/stm32cubeide/plugins/com.st.stm32cube.ide.mcu.externaltools.gnu-tools-for-stm32.9-2020-q2-update.win32_2.0.0.202105311346/tools/bin/../lib/gcc/arm-none-eabi/9.3.1/../../../../arm-none-eabi/lib/thumb/v7e-m+dp/hard\libc_nano.a
LOAD c:/stm32cubeide_1.6.1/stm32cubeide/plugins/com.st.stm32cube.ide.mcu.externaltools.gnu-tools-for-stm32.9-2020-q2-update.win32_2.0.0.202105311346/tools/bin/../lib/gcc/arm-none-eabi/9.3.1/../../../../arm-none-eabi/lib/thumb/v7e-m+dp/hard\libnosys.a
END GROUP
START GROUP
LOAD c:/stm32cubeide_1.6.1/stm32cubeide/plugins/com.st.stm32cube.ide.mcu.externaltools.gnu-tools-for-stm32.9-2020-q2-update.win32_2.0.0.202105311346/tools/bin/../lib/gcc/arm-none-eabi/9.3.1/thumb/v7e-m+dp/hard\libgcc.a
LOAD c:/stm32cubeide_1.6.1/stm32cubeide/plugins/com.st.stm32cube.ide.mcu.externaltools.gnu-tools-for-stm32.9-2020-q2-update.win32_2.0.0.202105311346/tools/bin/../lib/gcc/arm-none-eabi/9.3.1/../../../../arm-none-eabi/lib/thumb/v7e-m+dp/hard\libc_nano.a
LOAD c:/stm32cubeide_1.6.1/stm32cubeide/plugins/com.st.stm32cube.ide.mcu.externaltools.gnu-tools-for-stm32.9-2020-q2-update.win32_2.0.0.202105311346/tools/bin/../lib/gcc/arm-none-eabi/9.3.1/../../../../arm-none-eabi/lib/thumb/v7e-m+dp/hard\libnosys.a
END GROUP
LOAD c:/stm32cubeide_1.6.1/stm32cubeide/plugins/com.st.stm32cube.ide.mcu.externaltools.gnu-tools-for-stm32.9-2020-q2-update.win32_2.0.0.202105311346/tools/bin/../lib/gcc/arm-none-eabi/9.3.1/thumb/v7e-m+dp/hard/crtend.o
LOAD c:/stm32cubeide_1.6.1/stm32cubeide/plugins/com.st.stm32cube.ide.mcu.externaltools.gnu-tools-for-stm32.9-2020-q2-update.win32_2.0.0.202105311346/tools/bin/../lib/gcc/arm-none-eabi/9.3.1/thumb/v7e-m+dp/hard/crtn.o
                0x0000000024080000                _estack = (ORIGIN (RAM_D1) + LENGTH (RAM_D1))
                0x0000000000000200                _Min_Heap_Size = 0x200
                0x0000000000000400                _Min_Stack_Size = 0x400

.isr_vector     0x0000000008000000      0x298
                0x0000000008000000                . = ALIGN (0x4)
 *(.isr_vector)
 .isr_vector    0x0000000008000000      0x298 ./Core/Startup/startup_stm32h745zitx.o
                0x0000000008000000                g_pfnVectors
                0x0000000008000298                . = ALIGN (0x4)

.text           0x0000000008000298     0xacb0
                0x0000000008000298                . = ALIGN (0x4)
 *(.text)
 .text          0x0000000008000298       0x40 c:/stm32cubeide_1.6.1/stm32cubeide/plugins/com.st.stm32cube.ide.mcu.externaltools.gnu-tools-for-stm32.9-2020-q2-update.win32_2.0.0.202105311346/tools/bin/../lib/gcc/arm-none-eabi/9.3.1/thumb/v7e-m+dp/hard/crtbegin.o
 .text          0x00000000080002d8       0x30 c:/stm32cubeide_1.6.1/stm32cubeide/plugins/com.st.stm32cube.ide.mcu.externaltools.gnu-tools-for-stm32.9-2020-q2-update.win32_2.0.0.202105311346/tools/bin/../lib/gcc/arm-none-eabi/9.3.1/thumb/v7e-m+dp/hard\libgcc.a(_aeabi_uldivmod.o)
                0x00000000080002d8                __aeabi_uldivmod
 .text          0x0000000008000308      0x2c4 c:/stm32cubeide_1.6.1/stm32cubeide/plugins/com.st.stm32cube.ide.mcu.externaltools.gnu-tools-for-stm32.9-2020-q2-update.win32_2.0.0.202105311346/tools/bin/../lib/gcc/arm-none-eabi/9.3.1/thumb/v7e-m+dp/hard\libgcc.a(_udivmoddi4.o)
                0x0000000008000308                __udivmoddi4
 .text          0x00000000080005cc        0x4 c:/stm32cubeide_1.6.1/stm32cubeide/plugins/com.st.stm32cube.ide.mcu.externaltools.gnu-tools-for-stm32.9-2020-q2-update.win32_2.0.0.202105311346/tools/bin/../lib/gcc/arm-none-eabi/9.3.1/thumb/v7e-m+dp/hard\libgcc.a(_dvmd_tls.o)
                0x00000000080005cc                __aeabi_idiv0
                0x00000000080005cc                __aeabi_ldiv0
 *(.text*)
 .text.SystemInit
                0x00000000080005d0      0x134 ./Common/Src/system_stm32h7xx_dualcore_boot_cm4_cm7.o
                0x00000000080005d0                SystemInit
 .text.fillRect
                0x0000000008000704       0x38 ./Core/Src/GFX_FUNCTIONS.o
                0x0000000008000704                fillRect
 .text.fillScreen
                0x000000000800073c       0x34 ./Core/Src/GFX_FUNCTIONS.o
                0x000000000800073c                fillScreen
 .text.ST7735_Select
                0x0000000008000770       0x18 ./Core/Src/ST7735.o
                0x0000000008000770                ST7735_Select
 .text.ST7735_Unselect
                0x0000000008000788       0x18 ./Core/Src/ST7735.o
                0x0000000008000788                ST7735_Unselect
 .text.ST7735_Reset
                0x00000000080007a0       0x2c ./Core/Src/ST7735.o
                0x00000000080007a0                ST7735_Reset
 .text.ST7735_WriteCommand
                0x00000000080007cc       0x34 ./Core/Src/ST7735.o
                0x00000000080007cc                ST7735_WriteCommand
 .text.ST7735_WriteData
                0x0000000008000800       0x38 ./Core/Src/ST7735.o
                0x0000000008000800                ST7735_WriteData
 .text.DisplayInit
                0x0000000008000838       0x92 ./Core/Src/ST7735.o
                0x0000000008000838                DisplayInit
 *fill*         0x00000000080008ca        0x2 
 .text.ST7735_SetAddressWindow
                0x00000000080008cc       0x90 ./Core/Src/ST7735.o
                0x00000000080008cc                ST7735_SetAddressWindow
 .text.ST7735_Init
                0x000000000800095c       0x58 ./Core/Src/ST7735.o
                0x000000000800095c                ST7735_Init
 .text.ST7735_SetRotation
                0x00000000080009b4      0x100 ./Core/Src/ST7735.o
                0x00000000080009b4                ST7735_SetRotation
 .text.ST7735_WriteChar
                0x0000000008000ab4       0xee ./Core/Src/ST7735.o
                0x0000000008000ab4                ST7735_WriteChar
 *fill*         0x0000000008000ba2        0x2 
 .text.ST7735_WriteString
                0x0000000008000ba4       0xa8 ./Core/Src/ST7735.o
                0x0000000008000ba4                ST7735_WriteString
 .text.ST7735_FillRectangle
                0x0000000008000c4c      0x114 ./Core/Src/ST7735.o
                0x0000000008000c4c                ST7735_FillRectangle
 .text.main     0x0000000008000d60      0x6bc ./Core/Src/main.o
                0x0000000008000d60                main
 .text.SystemClock_Config
                0x000000000800141c      0x108 ./Core/Src/main.o
                0x000000000800141c                SystemClock_Config
 .text.MX_ETH_Init
                0x0000000008001524       0x98 ./Core/Src/main.o
 .text.MX_SPI1_Init
                0x00000000080015bc       0xb0 ./Core/Src/main.o
 .text.MX_SPI2_Init
                0x000000000800166c       0xb0 ./Core/Src/main.o
 .text.MX_USART3_UART_Init
                0x000000000800171c       0x98 ./Core/Src/main.o
 .text.MX_USB_OTG_FS_PCD_Init
                0x00000000080017b4       0x64 ./Core/Src/main.o
 .text.MX_DMA_Init
                0x0000000008001818       0x60 ./Core/Src/main.o
 .text.MX_GPIO_Init
                0x0000000008001878      0x2b0 ./Core/Src/main.o
 .text.ButtonMatrixUpdate
                0x0000000008001b28      0x124 ./Core/Src/main.o
                0x0000000008001b28                ButtonMatrixUpdate
 .text.Button   0x0000000008001c4c      0x148 ./Core/Src/main.o
                0x0000000008001c4c                Button
 .text.Write_MFRC522
                0x0000000008001d94       0x64 ./Core/Src/main.o
                0x0000000008001d94                Write_MFRC522
 .text.Read_MFRC522
                0x0000000008001df8       0x6c ./Core/Src/main.o
                0x0000000008001df8                Read_MFRC522
 .text.MFRC522_ToCard
                0x0000000008001e64      0x18e ./Core/Src/main.o
                0x0000000008001e64                MFRC522_ToCard
 .text.MFRC522_Request
                0x0000000008001ff2       0x4a ./Core/Src/main.o
                0x0000000008001ff2                MFRC522_Request
 .text.ClearBitMask
                0x000000000800203c       0x40 ./Core/Src/main.o
                0x000000000800203c                ClearBitMask
 .text.SetBitMask
                0x000000000800207c       0x36 ./Core/Src/main.o
                0x000000000800207c                SetBitMask
 .text.MFRC522_Read
                0x00000000080020b2       0x58 ./Core/Src/main.o
                0x00000000080020b2                MFRC522_Read
 .text.MFRC522_Write
                0x000000000800210a       0xd8 ./Core/Src/main.o
                0x000000000800210a                MFRC522_Write
 .text.CalulateCRC
                0x00000000080021e2       0x92 ./Core/Src/main.o
                0x00000000080021e2                CalulateCRC
 .text.Error_Handler
                0x0000000008002274        0xa ./Core/Src/main.o
                0x0000000008002274                Error_Handler
 *fill*         0x000000000800227e        0x2 
 .text.HAL_MspInit
                0x0000000008002280       0x34 ./Core/Src/stm32h7xx_hal_msp.o
                0x0000000008002280                HAL_MspInit
 .text.HAL_ETH_MspInit
                0x00000000080022b4      0x19c ./Core/Src/stm32h7xx_hal_msp.o
                0x00000000080022b4                HAL_ETH_MspInit
 .text.HAL_SPI_MspInit
                0x0000000008002450      0x348 ./Core/Src/stm32h7xx_hal_msp.o
                0x0000000008002450                HAL_SPI_MspInit
 .text.HAL_UART_MspInit
                0x0000000008002798       0xcc ./Core/Src/stm32h7xx_hal_msp.o
                0x0000000008002798                HAL_UART_MspInit
 .text.HAL_PCD_MspInit
                0x0000000008002864      0x110 ./Core/Src/stm32h7xx_hal_msp.o
                0x0000000008002864                HAL_PCD_MspInit
 .text.NMI_Handler
                0x0000000008002974        0x6 ./Core/Src/stm32h7xx_it.o
                0x0000000008002974                NMI_Handler
 .text.HardFault_Handler
                0x000000000800297a        0x6 ./Core/Src/stm32h7xx_it.o
                0x000000000800297a                HardFault_Handler
 .text.MemManage_Handler
                0x0000000008002980        0x6 ./Core/Src/stm32h7xx_it.o
                0x0000000008002980                MemManage_Handler
 .text.BusFault_Handler
                0x0000000008002986        0x6 ./Core/Src/stm32h7xx_it.o
                0x0000000008002986                BusFault_Handler
 .text.UsageFault_Handler
                0x000000000800298c        0x6 ./Core/Src/stm32h7xx_it.o
                0x000000000800298c                UsageFault_Handler
 .text.SVC_Handler
                0x0000000008002992        0xe ./Core/Src/stm32h7xx_it.o
                0x0000000008002992                SVC_Handler
 .text.DebugMon_Handler
                0x00000000080029a0        0xe ./Core/Src/stm32h7xx_it.o
                0x00000000080029a0                DebugMon_Handler
 .text.PendSV_Handler
                0x00000000080029ae        0xe ./Core/Src/stm32h7xx_it.o
                0x00000000080029ae                PendSV_Handler
 .text.SysTick_Handler
                0x00000000080029bc        0xc ./Core/Src/stm32h7xx_it.o
                0x00000000080029bc                SysTick_Handler
 .text.DMA1_Stream0_IRQHandler
                0x00000000080029c8       0x14 ./Core/Src/stm32h7xx_it.o
                0x00000000080029c8                DMA1_Stream0_IRQHandler
 .text.DMA1_Stream1_IRQHandler
                0x00000000080029dc       0x14 ./Core/Src/stm32h7xx_it.o
                0x00000000080029dc                DMA1_Stream1_IRQHandler
 .text.DMA1_Stream2_IRQHandler
                0x00000000080029f0       0x14 ./Core/Src/stm32h7xx_it.o
                0x00000000080029f0                DMA1_Stream2_IRQHandler
 .text.SPI1_IRQHandler
                0x0000000008002a04       0x14 ./Core/Src/stm32h7xx_it.o
                0x0000000008002a04                SPI1_IRQHandler
 .text.SPI2_IRQHandler
                0x0000000008002a18       0x14 ./Core/Src/stm32h7xx_it.o
                0x0000000008002a18                SPI2_IRQHandler
 .text.Reset_Handler
                0x0000000008002a2c       0x50 ./Core/Startup/startup_stm32h745zitx.o
                0x0000000008002a2c                Reset_Handler
 .text.Default_Handler
                0x0000000008002a7c        0x2 ./Core/Startup/startup_stm32h745zitx.o
                0x0000000008002a7c                RTC_Alarm_IRQHandler
                0x0000000008002a7c                EXTI2_IRQHandler
                0x0000000008002a7c                TIM8_CC_IRQHandler
                0x0000000008002a7c                HRTIM1_Master_IRQHandler
                0x0000000008002a7c                UART8_IRQHandler
                0x0000000008002a7c                SPI4_IRQHandler
                0x0000000008002a7c                TIM1_CC_IRQHandler
                0x0000000008002a7c                BDMA_Channel6_IRQHandler
                0x0000000008002a7c                DMA2_Stream5_IRQHandler
                0x0000000008002a7c                HRTIM1_FLT_IRQHandler
                0x0000000008002a7c                JPEG_IRQHandler
                0x0000000008002a7c                DMA1_Stream5_IRQHandler
                0x0000000008002a7c                BDMA_Channel1_IRQHandler
                0x0000000008002a7c                HRTIM1_TIMD_IRQHandler
                0x0000000008002a7c                TAMP_STAMP_IRQHandler
                0x0000000008002a7c                EXTI3_IRQHandler
                0x0000000008002a7c                LPTIM4_IRQHandler
                0x0000000008002a7c                TIM8_TRG_COM_TIM14_IRQHandler
                0x0000000008002a7c                LPTIM2_IRQHandler
                0x0000000008002a7c                DFSDM1_FLT1_IRQHandler
                0x0000000008002a7c                DMAMUX2_OVR_IRQHandler
                0x0000000008002a7c                TIM8_UP_TIM13_IRQHandler
                0x0000000008002a7c                I2C3_ER_IRQHandler
                0x0000000008002a7c                DFSDM1_FLT2_IRQHandler
                0x0000000008002a7c                MDMA_IRQHandler
                0x0000000008002a7c                LPTIM3_IRQHandler
                0x0000000008002a7c                HSEM1_IRQHandler
                0x0000000008002a7c                EXTI0_IRQHandler
                0x0000000008002a7c                I2C2_EV_IRQHandler
                0x0000000008002a7c                FPU_IRQHandler
                0x0000000008002a7c                OTG_HS_WKUP_IRQHandler
                0x0000000008002a7c                FDCAN1_IT1_IRQHandler
                0x0000000008002a7c                LTDC_ER_IRQHandler
                0x0000000008002a7c                DMA2_Stream2_IRQHandler
                0x0000000008002a7c                HRTIM1_TIME_IRQHandler
                0x0000000008002a7c                TIM6_DAC_IRQHandler
                0x0000000008002a7c                DCMI_IRQHandler
                0x0000000008002a7c                HRTIM1_TIMC_IRQHandler
                0x0000000008002a7c                DMA2_Stream3_IRQHandler
                0x0000000008002a7c                SAI2_IRQHandler
                0x0000000008002a7c                DFSDM1_FLT3_IRQHandler
                0x0000000008002a7c                USART6_IRQHandler
                0x0000000008002a7c                TIM17_IRQHandler
                0x0000000008002a7c                USART3_IRQHandler
                0x0000000008002a7c                BDMA_Channel7_IRQHandler
                0x0000000008002a7c                LPTIM5_IRQHandler
                0x0000000008002a7c                UART5_IRQHandler
                0x0000000008002a7c                ADC3_IRQHandler
                0x0000000008002a7c                DMA2_Stream0_IRQHandler
                0x0000000008002a7c                TIM4_IRQHandler
                0x0000000008002a7c                BDMA_Channel2_IRQHandler
                0x0000000008002a7c                QUADSPI_IRQHandler
                0x0000000008002a7c                I2C1_EV_IRQHandler
                0x0000000008002a7c                DMA1_Stream6_IRQHandler
                0x0000000008002a7c                DMAMUX1_OVR_IRQHandler
                0x0000000008002a7c                TIM16_IRQHandler
                0x0000000008002a7c                UART4_IRQHandler
                0x0000000008002a7c                BDMA_Channel5_IRQHandler
                0x0000000008002a7c                TIM3_IRQHandler
                0x0000000008002a7c                RCC_IRQHandler
                0x0000000008002a7c                TIM8_BRK_TIM12_IRQHandler
                0x0000000008002a7c                TIM1_TRG_COM_IRQHandler
                0x0000000008002a7c                Default_Handler
                0x0000000008002a7c                ECC_IRQHandler
                0x0000000008002a7c                CEC_IRQHandler
                0x0000000008002a7c                EXTI15_10_IRQHandler
                0x0000000008002a7c                BDMA_Channel0_IRQHandler
                0x0000000008002a7c                ADC_IRQHandler
                0x0000000008002a7c                DMA1_Stream7_IRQHandler
                0x0000000008002a7c                HRTIM1_TIMA_IRQHandler
                0x0000000008002a7c                SPI5_IRQHandler
                0x0000000008002a7c                TIM7_IRQHandler
                0x0000000008002a7c                SDMMC1_IRQHandler
                0x0000000008002a7c                TIM5_IRQHandler
                0x0000000008002a7c                DMA2_Stream7_IRQHandler
                0x0000000008002a7c                TIM15_IRQHandler
                0x0000000008002a7c                PVD_AVD_IRQHandler
                0x0000000008002a7c                I2C3_EV_IRQHandler
                0x0000000008002a7c                EXTI9_5_IRQHandler
                0x0000000008002a7c                RTC_WKUP_IRQHandler
                0x0000000008002a7c                LTDC_IRQHandler
                0x0000000008002a7c                SAI3_IRQHandler
                0x0000000008002a7c                ETH_WKUP_IRQHandler
                0x0000000008002a7c                SPDIF_RX_IRQHandler
                0x0000000008002a7c                OTG_HS_EP1_IN_IRQHandler
                0x0000000008002a7c                CRS_IRQHandler
                0x0000000008002a7c                CM7_SEV_IRQHandler
                0x0000000008002a7c                EXTI4_IRQHandler
                0x0000000008002a7c                RNG_IRQHandler
                0x0000000008002a7c                CM4_SEV_IRQHandler
                0x0000000008002a7c                HRTIM1_TIMB_IRQHandler
                0x0000000008002a7c                FDCAN2_IT1_IRQHandler
                0x0000000008002a7c                ETH_IRQHandler
                0x0000000008002a7c                TIM1_UP_IRQHandler
                0x0000000008002a7c                WWDG_RST_IRQHandler
                0x0000000008002a7c                BDMA_Channel4_IRQHandler
                0x0000000008002a7c                OTG_HS_EP1_OUT_IRQHandler
                0x0000000008002a7c                WWDG_IRQHandler
                0x0000000008002a7c                SPI6_IRQHandler
                0x0000000008002a7c                MDIOS_IRQHandler
                0x0000000008002a7c                I2C4_EV_IRQHandler
                0x0000000008002a7c                FDCAN2_IT0_IRQHandler
                0x0000000008002a7c                LPUART1_IRQHandler
                0x0000000008002a7c                FDCAN1_IT0_IRQHandler
                0x0000000008002a7c                TIM2_IRQHandler
                0x0000000008002a7c                OTG_FS_WKUP_IRQHandler
                0x0000000008002a7c                OTG_HS_IRQHandler
                0x0000000008002a7c                HSEM2_IRQHandler
                0x0000000008002a7c                DMA2D_IRQHandler
                0x0000000008002a7c                TIM1_BRK_IRQHandler
                0x0000000008002a7c                EXTI1_IRQHandler
                0x0000000008002a7c                SDMMC2_IRQHandler
                0x0000000008002a7c                OTG_FS_EP1_OUT_IRQHandler
                0x0000000008002a7c                BDMA_Channel3_IRQHandler
                0x0000000008002a7c                HOLD_CORE_IRQHandler
                0x0000000008002a7c                UART7_IRQHandler
                0x0000000008002a7c                MDIOS_WKUP_IRQHandler
                0x0000000008002a7c                USART2_IRQHandler
                0x0000000008002a7c                DFSDM1_FLT0_IRQHandler
                0x0000000008002a7c                SAI4_IRQHandler
                0x0000000008002a7c                I2C2_ER_IRQHandler
                0x0000000008002a7c                DMA2_Stream1_IRQHandler
                0x0000000008002a7c                FLASH_IRQHandler
                0x0000000008002a7c                DMA2_Stream4_IRQHandler
                0x0000000008002a7c                USART1_IRQHandler
                0x0000000008002a7c                OTG_FS_IRQHandler
                0x0000000008002a7c                SPI3_IRQHandler
                0x0000000008002a7c                WAKEUP_PIN_IRQHandler
                0x0000000008002a7c                DMA1_Stream4_IRQHandler
                0x0000000008002a7c                OTG_FS_EP1_IN_IRQHandler
                0x0000000008002a7c                I2C1_ER_IRQHandler
                0x0000000008002a7c                FMC_IRQHandler
                0x0000000008002a7c                FDCAN_CAL_IRQHandler
                0x0000000008002a7c                SWPMI1_IRQHandler
                0x0000000008002a7c                COMP1_IRQHandler
                0x0000000008002a7c                LPTIM1_IRQHandler
                0x0000000008002a7c                I2C4_ER_IRQHandler
                0x0000000008002a7c                DMA2_Stream6_IRQHandler
                0x0000000008002a7c                SAI1_IRQHandler
                0x0000000008002a7c                DMA1_Stream3_IRQHandler
 *fill*         0x0000000008002a7e        0x2 
 .text.HAL_Init
                0x0000000008002a80       0x78 ./Drivers/STM32H7xx_HAL_Driver/stm32h7xx_hal.o
                0x0000000008002a80                HAL_Init
 .text.HAL_InitTick
                0x0000000008002af8       0x6c ./Drivers/STM32H7xx_HAL_Driver/stm32h7xx_hal.o
                0x0000000008002af8                HAL_InitTick
 .text.HAL_IncTick
                0x0000000008002b64       0x28 ./Drivers/STM32H7xx_HAL_Driver/stm32h7xx_hal.o
                0x0000000008002b64                HAL_IncTick
 .text.HAL_GetTick
                0x0000000008002b8c       0x18 ./Drivers/STM32H7xx_HAL_Driver/stm32h7xx_hal.o
                0x0000000008002b8c                HAL_GetTick
 .text.HAL_Delay
                0x0000000008002ba4       0x48 ./Drivers/STM32H7xx_HAL_Driver/stm32h7xx_hal.o
                0x0000000008002ba4                HAL_Delay
 .text.HAL_GetREVID
                0x0000000008002bec       0x18 ./Drivers/STM32H7xx_HAL_Driver/stm32h7xx_hal.o
                0x0000000008002bec                HAL_GetREVID
 .text.HAL_SYSCFG_ETHInterfaceSelect
                0x0000000008002c04       0x28 ./Drivers/STM32H7xx_HAL_Driver/stm32h7xx_hal.o
                0x0000000008002c04                HAL_SYSCFG_ETHInterfaceSelect
 .text.__NVIC_SetPriorityGrouping
                0x0000000008002c2c       0x48 ./Drivers/STM32H7xx_HAL_Driver/stm32h7xx_hal_cortex.o
 .text.__NVIC_GetPriorityGrouping
                0x0000000008002c74       0x1c ./Drivers/STM32H7xx_HAL_Driver/stm32h7xx_hal_cortex.o
 .text.__NVIC_EnableIRQ
                0x0000000008002c90       0x3c ./Drivers/STM32H7xx_HAL_Driver/stm32h7xx_hal_cortex.o
 .text.__NVIC_SetPriority
                0x0000000008002ccc       0x54 ./Drivers/STM32H7xx_HAL_Driver/stm32h7xx_hal_cortex.o
 .text.NVIC_EncodePriority
                0x0000000008002d20       0x66 ./Drivers/STM32H7xx_HAL_Driver/stm32h7xx_hal_cortex.o
 *fill*         0x0000000008002d86        0x2 
 .text.SysTick_Config
                0x0000000008002d88       0x44 ./Drivers/STM32H7xx_HAL_Driver/stm32h7xx_hal_cortex.o
 .text.HAL_NVIC_SetPriorityGrouping
                0x0000000008002dcc       0x16 ./Drivers/STM32H7xx_HAL_Driver/stm32h7xx_hal_cortex.o
                0x0000000008002dcc                HAL_NVIC_SetPriorityGrouping
 .text.HAL_NVIC_SetPriority
                0x0000000008002de2       0x34 ./Drivers/STM32H7xx_HAL_Driver/stm32h7xx_hal_cortex.o
                0x0000000008002de2                HAL_NVIC_SetPriority
 .text.HAL_NVIC_EnableIRQ
                0x0000000008002e16       0x1c ./Drivers/STM32H7xx_HAL_Driver/stm32h7xx_hal_cortex.o
                0x0000000008002e16                HAL_NVIC_EnableIRQ
 .text.HAL_SYSTICK_Config
                0x0000000008002e32       0x18 ./Drivers/STM32H7xx_HAL_Driver/stm32h7xx_hal_cortex.o
                0x0000000008002e32                HAL_SYSTICK_Config
 *fill*         0x0000000008002e4a        0x2 
 .text.HAL_DMA_Init
                0x0000000008002e4c      0x6b8 ./Drivers/STM32H7xx_HAL_Driver/stm32h7xx_hal_dma.o
                0x0000000008002e4c                HAL_DMA_Init
 .text.HAL_DMA_Abort_IT
                0x0000000008003504      0x488 ./Drivers/STM32H7xx_HAL_Driver/stm32h7xx_hal_dma.o
                0x0000000008003504                HAL_DMA_Abort_IT
 .text.HAL_DMA_IRQHandler
                0x000000000800398c      0xe54 ./Drivers/STM32H7xx_HAL_Driver/stm32h7xx_hal_dma.o
                0x000000000800398c                HAL_DMA_IRQHandler
 .text.DMA_CalcBaseAndBitshift
                0x00000000080047e0      0x164 ./Drivers/STM32H7xx_HAL_Driver/stm32h7xx_hal_dma.o
 .text.DMA_CheckFifoParam
                0x0000000008004944       0xf8 ./Drivers/STM32H7xx_HAL_Driver/stm32h7xx_hal_dma.o
 .text.DMA_CalcDMAMUXChannelBaseAndMask
                0x0000000008004a3c      0x134 ./Drivers/STM32H7xx_HAL_Driver/stm32h7xx_hal_dma.o
 .text.DMA_CalcDMAMUXRequestGenBaseAndMask
                0x0000000008004b70       0xe8 ./Drivers/STM32H7xx_HAL_Driver/stm32h7xx_hal_dma.o
 .text.HAL_ETH_Init
                0x0000000008004c58      0x1b4 ./Drivers/STM32H7xx_HAL_Driver/stm32h7xx_hal_eth.o
                0x0000000008004c58                HAL_ETH_Init
 .text.ETH_SetMACConfig
                0x0000000008004e0c      0x238 ./Drivers/STM32H7xx_HAL_Driver/stm32h7xx_hal_eth.o
 .text.ETH_SetDMAConfig
                0x0000000008005044      0x10c ./Drivers/STM32H7xx_HAL_Driver/stm32h7xx_hal_eth.o
 .text.ETH_MACDMAConfig
                0x0000000008005150      0x13a ./Drivers/STM32H7xx_HAL_Driver/stm32h7xx_hal_eth.o
 *fill*         0x000000000800528a        0x2 
 .text.ETH_MAC_MDIO_ClkConfig
                0x000000000800528c       0xb0 ./Drivers/STM32H7xx_HAL_Driver/stm32h7xx_hal_eth.o
 .text.ETH_DMATxDescListInit
                0x000000000800533c       0x8e ./Drivers/STM32H7xx_HAL_Driver/stm32h7xx_hal_eth.o
 .text.ETH_DMARxDescListInit
                0x00000000080053ca       0xba ./Drivers/STM32H7xx_HAL_Driver/stm32h7xx_hal_eth.o
 .text.HAL_GPIO_Init
                0x0000000008005484      0x360 ./Drivers/STM32H7xx_HAL_Driver/stm32h7xx_hal_gpio.o
                0x0000000008005484                HAL_GPIO_Init
 .text.HAL_GPIO_ReadPin
                0x00000000080057e4       0x30 ./Drivers/STM32H7xx_HAL_Driver/stm32h7xx_hal_gpio.o
                0x00000000080057e4                HAL_GPIO_ReadPin
 .text.HAL_GPIO_WritePin
                0x0000000008005814       0x32 ./Drivers/STM32H7xx_HAL_Driver/stm32h7xx_hal_gpio.o
                0x0000000008005814                HAL_GPIO_WritePin
 *fill*         0x0000000008005846        0x2 
 .text.HAL_HSEM_FastTake
                0x0000000008005848       0x34 ./Drivers/STM32H7xx_HAL_Driver/stm32h7xx_hal_hsem.o
                0x0000000008005848                HAL_HSEM_FastTake
 .text.HAL_HSEM_Release
                0x000000000800587c       0x28 ./Drivers/STM32H7xx_HAL_Driver/stm32h7xx_hal_hsem.o
                0x000000000800587c                HAL_HSEM_Release
 .text.HAL_PCD_Init
                0x00000000080058a4      0x248 ./Drivers/STM32H7xx_HAL_Driver/stm32h7xx_hal_pcd.o
                0x00000000080058a4                HAL_PCD_Init
 .text.HAL_PCDEx_ActivateLPM
                0x0000000008005aec       0x48 ./Drivers/STM32H7xx_HAL_Driver/stm32h7xx_hal_pcd_ex.o
                0x0000000008005aec                HAL_PCDEx_ActivateLPM
 .text.HAL_PWREx_ConfigSupply
                0x0000000008005b34       0xb4 ./Drivers/STM32H7xx_HAL_Driver/stm32h7xx_hal_pwr_ex.o
                0x0000000008005b34                HAL_PWREx_ConfigSupply
 .text.HAL_PWREx_EnableUSBVoltageDetector
                0x0000000008005be8       0x20 ./Drivers/STM32H7xx_HAL_Driver/stm32h7xx_hal_pwr_ex.o
                0x0000000008005be8                HAL_PWREx_EnableUSBVoltageDetector
 .text.HAL_RCC_OscConfig
                0x0000000008005c08      0x858 ./Drivers/STM32H7xx_HAL_Driver/stm32h7xx_hal_rcc.o
                0x0000000008005c08                HAL_RCC_OscConfig
 .text.HAL_RCC_ClockConfig
                0x0000000008006460      0x36c ./Drivers/STM32H7xx_HAL_Driver/stm32h7xx_hal_rcc.o
                0x0000000008006460                HAL_RCC_ClockConfig
 .text.HAL_RCC_GetSysClockFreq
                0x00000000080067cc      0x2f4 ./Drivers/STM32H7xx_HAL_Driver/stm32h7xx_hal_rcc.o
                0x00000000080067cc                HAL_RCC_GetSysClockFreq
 .text.HAL_RCC_GetHCLKFreq
                0x0000000008006ac0       0x60 ./Drivers/STM32H7xx_HAL_Driver/stm32h7xx_hal_rcc.o
                0x0000000008006ac0                HAL_RCC_GetHCLKFreq
 .text.HAL_RCC_GetPCLK1Freq
                0x0000000008006b20       0x2c ./Drivers/STM32H7xx_HAL_Driver/stm32h7xx_hal_rcc.o
                0x0000000008006b20                HAL_RCC_GetPCLK1Freq
 .text.HAL_RCC_GetPCLK2Freq
                0x0000000008006b4c       0x2c ./Drivers/STM32H7xx_HAL_Driver/stm32h7xx_hal_rcc.o
                0x0000000008006b4c                HAL_RCC_GetPCLK2Freq
 .text.HAL_RCCEx_PeriphCLKConfig
                0x0000000008006b78      0xe80 ./Drivers/STM32H7xx_HAL_Driver/stm32h7xx_hal_rcc_ex.o
                0x0000000008006b78                HAL_RCCEx_PeriphCLKConfig
 .text.HAL_RCCEx_GetD3PCLK1Freq
                0x00000000080079f8       0x2c ./Drivers/STM32H7xx_HAL_Driver/stm32h7xx_hal_rcc_ex.o
                0x00000000080079f8                HAL_RCCEx_GetD3PCLK1Freq
 .text.HAL_RCCEx_GetPLL2ClockFreq
                0x0000000008007a24      0x2a8 ./Drivers/STM32H7xx_HAL_Driver/stm32h7xx_hal_rcc_ex.o
                0x0000000008007a24                HAL_RCCEx_GetPLL2ClockFreq
 .text.HAL_RCCEx_GetPLL3ClockFreq
                0x0000000008007ccc      0x2a8 ./Drivers/STM32H7xx_HAL_Driver/stm32h7xx_hal_rcc_ex.o
                0x0000000008007ccc                HAL_RCCEx_GetPLL3ClockFreq
 .text.RCCEx_PLL2_Config
                0x0000000008007f74      0x164 ./Drivers/STM32H7xx_HAL_Driver/stm32h7xx_hal_rcc_ex.o
 .text.RCCEx_PLL3_Config
                0x00000000080080d8      0x164 ./Drivers/STM32H7xx_HAL_Driver/stm32h7xx_hal_rcc_ex.o
 .text.HAL_SPI_Init
                0x000000000800823c      0x20c ./Drivers/STM32H7xx_HAL_Driver/stm32h7xx_hal_spi.o
                0x000000000800823c                HAL_SPI_Init
 .text.HAL_SPI_Transmit
                0x0000000008008448      0x3e4 ./Drivers/STM32H7xx_HAL_Driver/stm32h7xx_hal_spi.o
                0x0000000008008448                HAL_SPI_Transmit
 .text.HAL_SPI_Receive
                0x000000000800882c      0x3e4 ./Drivers/STM32H7xx_HAL_Driver/stm32h7xx_hal_spi.o
                0x000000000800882c                HAL_SPI_Receive
 .text.HAL_SPI_TransmitReceive
                0x0000000008008c10      0x5d8 ./Drivers/STM32H7xx_HAL_Driver/stm32h7xx_hal_spi.o
                0x0000000008008c10                HAL_SPI_TransmitReceive
 .text.HAL_SPI_IRQHandler
                0x00000000080091e8      0x3c0 ./Drivers/STM32H7xx_HAL_Driver/stm32h7xx_hal_spi.o
                0x00000000080091e8                HAL_SPI_IRQHandler
 .text.HAL_SPI_TxCpltCallback
                0x00000000080095a8       0x14 ./Drivers/STM32H7xx_HAL_Driver/stm32h7xx_hal_spi.o
                0x00000000080095a8                HAL_SPI_TxCpltCallback
 .text.HAL_SPI_RxCpltCallback
                0x00000000080095bc       0x14 ./Drivers/STM32H7xx_HAL_Driver/stm32h7xx_hal_spi.o
                0x00000000080095bc                HAL_SPI_RxCpltCallback
 .text.HAL_SPI_TxRxCpltCallback
                0x00000000080095d0       0x14 ./Drivers/STM32H7xx_HAL_Driver/stm32h7xx_hal_spi.o
                0x00000000080095d0                HAL_SPI_TxRxCpltCallback
 .text.HAL_SPI_ErrorCallback
                0x00000000080095e4       0x14 ./Drivers/STM32H7xx_HAL_Driver/stm32h7xx_hal_spi.o
                0x00000000080095e4                HAL_SPI_ErrorCallback
 .text.SPI_DMAAbortOnError
                0x00000000080095f8       0x34 ./Drivers/STM32H7xx_HAL_Driver/stm32h7xx_hal_spi.o
 .text.SPI_CloseTransfer
                0x000000000800962c      0x140 ./Drivers/STM32H7xx_HAL_Driver/stm32h7xx_hal_spi.o
 .text.SPI_WaitOnFlagUntilTimeout
                0x000000000800976c       0x5c ./Drivers/STM32H7xx_HAL_Driver/stm32h7xx_hal_spi.o
 .text.SPI_GetPacketSize
                0x00000000080097c8       0x36 ./Drivers/STM32H7xx_HAL_Driver/stm32h7xx_hal_spi.o
 .text.HAL_UART_Init
                0x00000000080097fe       0xa0 ./Drivers/STM32H7xx_HAL_Driver/stm32h7xx_hal_uart.o
                0x00000000080097fe                HAL_UART_Init
 *fill*         0x000000000800989e        0x2 
 .text.UART_SetConfig
                0x00000000080098a0      0xac0 ./Drivers/STM32H7xx_HAL_Driver/stm32h7xx_hal_uart.o
                0x00000000080098a0                UART_SetConfig
 .text.UART_AdvFeatureConfig
                0x000000000800a360      0x144 ./Drivers/STM32H7xx_HAL_Driver/stm32h7xx_hal_uart.o
                0x000000000800a360                UART_AdvFeatureConfig
 .text.UART_CheckIdleState
                0x000000000800a4a4       0x96 ./Drivers/STM32H7xx_HAL_Driver/stm32h7xx_hal_uart.o
                0x000000000800a4a4                UART_CheckIdleState
 .text.UART_WaitOnFlagUntilTimeout
                0x000000000800a53a      0x190 ./Drivers/STM32H7xx_HAL_Driver/stm32h7xx_hal_uart.o
                0x000000000800a53a                UART_WaitOnFlagUntilTimeout
 .text.HAL_UARTEx_DisableFifoMode
                0x000000000800a6ca       0x72 ./Drivers/STM32H7xx_HAL_Driver/stm32h7xx_hal_uart_ex.o
                0x000000000800a6ca                HAL_UARTEx_DisableFifoMode
 .text.HAL_UARTEx_SetTxFifoThreshold
                0x000000000800a73c       0x7c ./Drivers/STM32H7xx_HAL_Driver/stm32h7xx_hal_uart_ex.o
                0x000000000800a73c                HAL_UARTEx_SetTxFifoThreshold
 .text.HAL_UARTEx_SetRxFifoThreshold
                0x000000000800a7b8       0x7c ./Drivers/STM32H7xx_HAL_Driver/stm32h7xx_hal_uart_ex.o
                0x000000000800a7b8                HAL_UARTEx_SetRxFifoThreshold
 .text.UARTEx_SetNbDataToProcess
                0x000000000800a834       0x9c ./Drivers/STM32H7xx_HAL_Driver/stm32h7xx_hal_uart_ex.o
 .text.USB_CoreInit
                0x000000000800a8d0       0xdc ./Drivers/STM32H7xx_HAL_Driver/stm32h7xx_ll_usb.o
                0x000000000800a8d0                USB_CoreInit
 .text.USB_DisableGlobalInt
                0x000000000800a9ac       0x22 ./Drivers/STM32H7xx_HAL_Driver/stm32h7xx_ll_usb.o
                0x000000000800a9ac                USB_DisableGlobalInt
 .text.USB_SetCurrentMode
                0x000000000800a9ce       0x98 ./Drivers/STM32H7xx_HAL_Driver/stm32h7xx_ll_usb.o
                0x000000000800a9ce                USB_SetCurrentMode
 *fill*         0x000000000800aa66        0x2 
 .text.USB_DevInit
                0x000000000800aa68      0x2bc ./Drivers/STM32H7xx_HAL_Driver/stm32h7xx_ll_usb.o
                0x000000000800aa68                USB_DevInit
 .text.USB_FlushTxFifo
                0x000000000800ad24       0x64 ./Drivers/STM32H7xx_HAL_Driver/stm32h7xx_ll_usb.o
                0x000000000800ad24                USB_FlushTxFifo
 .text.USB_FlushRxFifo
                0x000000000800ad88       0x5c ./Drivers/STM32H7xx_HAL_Driver/stm32h7xx_ll_usb.o
                0x000000000800ad88                USB_FlushRxFifo
 .text.USB_SetDevSpeed
                0x000000000800ade4       0x32 ./Drivers/STM32H7xx_HAL_Driver/stm32h7xx_ll_usb.o
                0x000000000800ade4                USB_SetDevSpeed
 .text.USB_DevDisconnect
                0x000000000800ae16       0x42 ./Drivers/STM32H7xx_HAL_Driver/stm32h7xx_ll_usb.o
                0x000000000800ae16                USB_DevDisconnect
 .text.USB_GetMode
                0x000000000800ae58       0x1c ./Drivers/STM32H7xx_HAL_Driver/stm32h7xx_ll_usb.o
                0x000000000800ae58                USB_GetMode
 .text.USB_CoreReset
                0x000000000800ae74       0x64 ./Drivers/STM32H7xx_HAL_Driver/stm32h7xx_ll_usb.o
 .text.__libc_init_array
                0x000000000800aed8       0x48 c:/stm32cubeide_1.6.1/stm32cubeide/plugins/com.st.stm32cube.ide.mcu.externaltools.gnu-tools-for-stm32.9-2020-q2-update.win32_2.0.0.202105311346/tools/bin/../lib/gcc/arm-none-eabi/9.3.1/../../../../arm-none-eabi/lib/thumb/v7e-m+dp/hard\libc_nano.a(lib_a-init.o)
                0x000000000800aed8                __libc_init_array
 .text.memset   0x000000000800af20       0x10 c:/stm32cubeide_1.6.1/stm32cubeide/plugins/com.st.stm32cube.ide.mcu.externaltools.gnu-tools-for-stm32.9-2020-q2-update.win32_2.0.0.202105311346/tools/bin/../lib/gcc/arm-none-eabi/9.3.1/../../../../arm-none-eabi/lib/thumb/v7e-m+dp/hard\libc_nano.a(lib_a-memset.o)
                0x000000000800af20                memset
 *(.glue_7)
 .glue_7        0x000000000800af30        0x0 linker stubs
 *(.glue_7t)
 .glue_7t       0x000000000800af30        0x0 linker stubs
 *(.eh_frame)
 .eh_frame      0x000000000800af30        0x0 c:/stm32cubeide_1.6.1/stm32cubeide/plugins/com.st.stm32cube.ide.mcu.externaltools.gnu-tools-for-stm32.9-2020-q2-update.win32_2.0.0.202105311346/tools/bin/../lib/gcc/arm-none-eabi/9.3.1/thumb/v7e-m+dp/hard/crtbegin.o
 *(.init)
 .init          0x000000000800af30        0x4 c:/stm32cubeide_1.6.1/stm32cubeide/plugins/com.st.stm32cube.ide.mcu.externaltools.gnu-tools-for-stm32.9-2020-q2-update.win32_2.0.0.202105311346/tools/bin/../lib/gcc/arm-none-eabi/9.3.1/thumb/v7e-m+dp/hard/crti.o
                0x000000000800af30                _init
 .init          0x000000000800af34        0x8 c:/stm32cubeide_1.6.1/stm32cubeide/plugins/com.st.stm32cube.ide.mcu.externaltools.gnu-tools-for-stm32.9-2020-q2-update.win32_2.0.0.202105311346/tools/bin/../lib/gcc/arm-none-eabi/9.3.1/thumb/v7e-m+dp/hard/crtn.o
 *(.fini)
 .fini          0x000000000800af3c        0x4 c:/stm32cubeide_1.6.1/stm32cubeide/plugins/com.st.stm32cube.ide.mcu.externaltools.gnu-tools-for-stm32.9-2020-q2-update.win32_2.0.0.202105311346/tools/bin/../lib/gcc/arm-none-eabi/9.3.1/thumb/v7e-m+dp/hard/crti.o
                0x000000000800af3c                _fini
 .fini          0x000000000800af40        0x8 c:/stm32cubeide_1.6.1/stm32cubeide/plugins/com.st.stm32cube.ide.mcu.externaltools.gnu-tools-for-stm32.9-2020-q2-update.win32_2.0.0.202105311346/tools/bin/../lib/gcc/arm-none-eabi/9.3.1/thumb/v7e-m+dp/hard/crtn.o
                0x000000000800af48                . = ALIGN (0x4)
                0x000000000800af48                _etext = .

.vfp11_veneer   0x000000000800af48        0x0
 .vfp11_veneer  0x000000000800af48        0x0 linker stubs

.v4_bx          0x000000000800af48        0x0
 .v4_bx         0x000000000800af48        0x0 linker stubs

.iplt           0x000000000800af48        0x0
 .iplt          0x000000000800af48        0x0 c:/stm32cubeide_1.6.1/stm32cubeide/plugins/com.st.stm32cube.ide.mcu.externaltools.gnu-tools-for-stm32.9-2020-q2-update.win32_2.0.0.202105311346/tools/bin/../lib/gcc/arm-none-eabi/9.3.1/thumb/v7e-m+dp/hard/crtbegin.o

.rodata         0x000000000800af48     0x1bec
                0x000000000800af48                . = ALIGN (0x4)
 *(.rodata)
 .rodata        0x000000000800af48       0x7d ./Core/Src/main.o
 *(.rodata*)
 *fill*         0x000000000800afc5        0x3 
 .rodata.D1CorePrescTable
                0x000000000800afc8       0x10 ./Common/Src/system_stm32h7xx_dualcore_boot_cm4_cm7.o
                0x000000000800afc8                D1CorePrescTable
 .rodata.init_cmds1
                0x000000000800afd8       0x38 ./Core/Src/ST7735.o
                0x000000000800afd8                init_cmds1
 .rodata.init_cmds2
                0x000000000800b010        0xd ./Core/Src/ST7735.o
                0x000000000800b010                init_cmds2
 *fill*         0x000000000800b01d        0x3 
 .rodata.init_cmds3
                0x000000000800b020       0x2b ./Core/Src/ST7735.o
                0x000000000800b020                init_cmds3
 *fill*         0x000000000800b04b        0x1 
 .rodata.Font7x10
                0x000000000800b04c      0x76c ./Core/Src/fonts.o
 .rodata.Font16x26
                0x000000000800b7b8     0x134c ./Core/Src/fonts.o
 .rodata.flagBitshiftOffset.11435
                0x000000000800cb04        0x8 ./Drivers/STM32H7xx_HAL_Driver/stm32h7xx_hal_dma.o
 .rodata.UARTPrescTable
                0x000000000800cb0c       0x18 ./Drivers/STM32H7xx_HAL_Driver/stm32h7xx_hal_uart.o
                0x000000000800cb0c                UARTPrescTable
 .rodata.numerator.11402
                0x000000000800cb24        0x8 ./Drivers/STM32H7xx_HAL_Driver/stm32h7xx_hal_uart_ex.o
 .rodata.denominator.11403
                0x000000000800cb2c        0x8 ./Drivers/STM32H7xx_HAL_Driver/stm32h7xx_hal_uart_ex.o
                0x000000000800cb34                . = ALIGN (0x4)

.ARM.extab      0x000000000800cb34        0x0
                0x000000000800cb34                . = ALIGN (0x4)
 *(.ARM.extab* .gnu.linkonce.armextab.*)
                0x000000000800cb34                . = ALIGN (0x4)

.ARM            0x000000000800cb34        0x8
                0x000000000800cb34                . = ALIGN (0x4)
                0x000000000800cb34                __exidx_start = .
 *(.ARM.exidx*)
 .ARM.exidx     0x000000000800cb34        0x8 c:/stm32cubeide_1.6.1/stm32cubeide/plugins/com.st.stm32cube.ide.mcu.externaltools.gnu-tools-for-stm32.9-2020-q2-update.win32_2.0.0.202105311346/tools/bin/../lib/gcc/arm-none-eabi/9.3.1/thumb/v7e-m+dp/hard\libgcc.a(_udivmoddi4.o)
                0x000000000800cb3c                __exidx_end = .
                0x000000000800cb3c                . = ALIGN (0x4)

.rel.dyn        0x000000000800cb3c        0x0
 .rel.iplt      0x000000000800cb3c        0x0 c:/stm32cubeide_1.6.1/stm32cubeide/plugins/com.st.stm32cube.ide.mcu.externaltools.gnu-tools-for-stm32.9-2020-q2-update.win32_2.0.0.202105311346/tools/bin/../lib/gcc/arm-none-eabi/9.3.1/thumb/v7e-m+dp/hard/crtbegin.o

.preinit_array  0x000000000800cb3c        0x0
                0x000000000800cb3c                . = ALIGN (0x4)
                0x000000000800cb3c                PROVIDE (__preinit_array_start = .)
 *(.preinit_array*)
                0x000000000800cb3c                PROVIDE (__preinit_array_end = .)
                0x000000000800cb3c                . = ALIGN (0x4)

.init_array     0x000000000800cb3c        0x4
                0x000000000800cb3c                . = ALIGN (0x4)
                0x000000000800cb3c                PROVIDE (__init_array_start = .)
 *(SORT_BY_NAME(.init_array.*))
 *(.init_array*)
 .init_array    0x000000000800cb3c        0x4 c:/stm32cubeide_1.6.1/stm32cubeide/plugins/com.st.stm32cube.ide.mcu.externaltools.gnu-tools-for-stm32.9-2020-q2-update.win32_2.0.0.202105311346/tools/bin/../lib/gcc/arm-none-eabi/9.3.1/thumb/v7e-m+dp/hard/crtbegin.o
                0x000000000800cb40                PROVIDE (__init_array_end = .)
                0x000000000800cb40                . = ALIGN (0x4)

.fini_array     0x000000000800cb40        0x4
                0x000000000800cb40                . = ALIGN (0x4)
                [!provide]                        PROVIDE (__fini_array_start = .)
 *(SORT_BY_NAME(.fini_array.*))
 *(.fini_array*)
 .fini_array    0x000000000800cb40        0x4 c:/stm32cubeide_1.6.1/stm32cubeide/plugins/com.st.stm32cube.ide.mcu.externaltools.gnu-tools-for-stm32.9-2020-q2-update.win32_2.0.0.202105311346/tools/bin/../lib/gcc/arm-none-eabi/9.3.1/thumb/v7e-m+dp/hard/crtbegin.o
                [!provide]                        PROVIDE (__fini_array_end = .)
                0x000000000800cb44                . = ALIGN (0x4)
                0x000000000800cb44                _sidata = LOADADDR (.data)

.data           0x0000000024000000       0xa8 load address 0x000000000800cb44
                0x0000000024000000                . = ALIGN (0x4)
                0x0000000024000000                _sdata = .
 *(.data)
 *(.data*)
 .data.SystemCoreClock
                0x0000000024000000        0x4 ./Common/Src/system_stm32h7xx_dualcore_boot_cm4_cm7.o
                0x0000000024000000                SystemCoreClock
 .data.SystemD2Clock
                0x0000000024000004        0x4 ./Common/Src/system_stm32h7xx_dualcore_boot_cm4_cm7.o
                0x0000000024000004                SystemD2Clock
 .data.Font_7x10
                0x0000000024000008        0x8 ./Core/Src/fonts.o
                0x0000000024000008                Font_7x10
 .data.Font_16x26
                0x0000000024000010        0x8 ./Core/Src/fonts.o
                0x0000000024000010                Font_16x26
 .data.password
                0x0000000024000018       0x10 ./Core/Src/main.o
                0x0000000024000018                password
 .data.numbercar
                0x0000000024000028        0x7 ./Core/Src/main.o
                0x0000000024000028                numbercar
 *fill*         0x000000002400002f        0x1 
 .data.keyRFID  0x0000000024000030       0x40 ./Core/Src/main.o
                0x0000000024000030                keyRFID
 .data.ButtonMatrixPort
                0x0000000024000070       0x20 ./Core/Src/main.o
                0x0000000024000070                ButtonMatrixPort
 .data.ButtonMatrixPin
                0x0000000024000090       0x10 ./Core/Src/main.o
                0x0000000024000090                ButtonMatrixPin
 .data.uwTickPrio
                0x00000000240000a0        0x4 ./Drivers/STM32H7xx_HAL_Driver/stm32h7xx_hal.o
                0x00000000240000a0                uwTickPrio
 .data.uwTickFreq
                0x00000000240000a4        0x1 ./Drivers/STM32H7xx_HAL_Driver/stm32h7xx_hal.o
                0x00000000240000a4                uwTickFreq
 *(.RamFunc)
 *(.RamFunc*)
                0x00000000240000a8                . = ALIGN (0x4)
 *fill*         0x00000000240000a5        0x3 
                0x00000000240000a8                _edata = .

.igot.plt       0x00000000240000a8        0x0 load address 0x000000000800cbec
 .igot.plt      0x00000000240000a8        0x0 c:/stm32cubeide_1.6.1/stm32cubeide/plugins/com.st.stm32cube.ide.mcu.externaltools.gnu-tools-for-stm32.9-2020-q2-update.win32_2.0.0.202105311346/tools/bin/../lib/gcc/arm-none-eabi/9.3.1/thumb/v7e-m+dp/hard/crtbegin.o

.RxDecripSection
                0x00000000240000a8       0x60 load address 0x000000000800cbec
 .RxDecripSection
                0x00000000240000a8       0x60 ./Core/Src/main.o
                0x00000000240000a8                DMARxDscrTab

.TxDecripSection
                0x0000000024000108       0x60 load address 0x000000000800cc4c
 .TxDecripSection
                0x0000000024000108       0x60 ./Core/Src/main.o
                0x0000000024000108                DMATxDscrTab
                0x0000000024000168                . = ALIGN (0x4)

.bss            0x0000000024000168      0x930 load address 0x000000000800ccac
                0x0000000024000168                _sbss = .
                0x0000000024000168                __bss_start__ = _sbss
 *(.bss)
 .bss           0x0000000024000168       0x1c c:/stm32cubeide_1.6.1/stm32cubeide/plugins/com.st.stm32cube.ide.mcu.externaltools.gnu-tools-for-stm32.9-2020-q2-update.win32_2.0.0.202105311346/tools/bin/../lib/gcc/arm-none-eabi/9.3.1/thumb/v7e-m+dp/hard/crtbegin.o
 *(.bss*)
 .bss.ButtonMatrixState
                0x0000000024000184        0x2 ./Core/Src/main.o
                0x0000000024000184                ButtonMatrixState
 *fill*         0x0000000024000186        0x2 
 .bss.state     0x0000000024000188        0x4 ./Core/Src/main.o
                0x0000000024000188                state
 .bss.key       0x000000002400018c       0x10 ./Core/Src/main.o
                0x000000002400018c                key
 .bss.lock      0x000000002400019c        0x4 ./Core/Src/main.o
                0x000000002400019c                lock
 .bss.setpassword
                0x00000000240001a0        0x4 ./Core/Src/main.o
                0x00000000240001a0                setpassword
 .bss.verify    0x00000000240001a4       0x10 ./Core/Src/main.o
                0x00000000240001a4                verify
 .bss.write     0x00000000240001b4        0x4 ./Core/Src/main.o
                0x00000000240001b4                write
 .bss.ButtonMatrixTimestamp
                0x00000000240001b8        0x4 ./Core/Src/main.o
                0x00000000240001b8                ButtonMatrixTimestamp
 .bss.status_write
                0x00000000240001bc        0x4 ./Core/Src/main.o
                0x00000000240001bc                status_write
 .bss.setRFID   0x00000000240001c0        0x4 ./Core/Src/main.o
                0x00000000240001c0                setRFID
 .bss.lockcount
                0x00000000240001c4        0x8 ./Core/Src/main.o
                0x00000000240001c4                lockcount
 .bss.locktimestamp
                0x00000000240001cc        0x4 ./Core/Src/main.o
                0x00000000240001cc                locktimestamp
 .bss.ButtonMatrixRow
                0x00000000240001d0        0x1 ./Core/Src/main.o
                0x00000000240001d0                ButtonMatrixRow
 *fill*         0x00000000240001d1        0x3 
 .bss.MACAddr.11784
                0x00000000240001d4        0x6 ./Core/Src/main.o
 *(COMMON)
 COMMON         0x00000000240001da        0xe ./Core/Src/GFX_FUNCTIONS.o
                0x00000000240001da                _xstart
                0x00000000240001db                _colstart
                0x00000000240001dc                cursor_y
                0x00000000240001de                _ystart
                0x00000000240001df                _rowstart
                0x00000000240001e0                rotation
                0x00000000240001e2                _width
                0x00000000240001e4                cursor_x
                0x00000000240001e6                _height
 COMMON         0x00000000240001e8      0x8ac ./Core/Src/main.o
                0x00000000240001e8                x
                0x00000000240001ec                hspi2
                0x0000000024000274                uid
                0x00000000240002b4                huart3
                0x0000000024000344                hpcd_USB_OTG_FS
                0x000000002400074c                hdma_spi2_rx
                0x00000000240007c4                x2
                0x00000000240007c8                x4
                0x00000000240007cc                x3
                0x00000000240007d0                x1
                0x00000000240007d4                press
                0x00000000240007dc                hspi1
                0x0000000024000864                findcard
                0x0000000024000868                card_data
                0x00000000240008a8                hdma_spi2_tx
                0x0000000024000920                heth
                0x00000000240009a8                TxConfig
                0x00000000240009dc                hdma_spi1_tx
                0x0000000024000a54                cardstr
 COMMON         0x0000000024000a94        0x4 ./Drivers/STM32H7xx_HAL_Driver/stm32h7xx_hal.o
                0x0000000024000a94                uwTick
                0x0000000024000a98                . = ALIGN (0x4)
                0x0000000024000a98                _ebss = .
                0x0000000024000a98                __bss_end__ = _ebss

._user_heap_stack
                0x0000000024000a98      0x600 load address 0x000000000800ccac
                0x0000000024000a98                . = ALIGN (0x8)
                [!provide]                        PROVIDE (end = .)
                0x0000000024000a98                PROVIDE (_end = .)
                0x0000000024000c98                . = (. + _Min_Heap_Size)
 *fill*         0x0000000024000a98      0x200 
                0x0000000024001098                . = (. + _Min_Stack_Size)
 *fill*         0x0000000024000c98      0x400 
                0x0000000024001098                . = ALIGN (0x8)

/DISCARD/
 libc.a(*)
 libm.a(*)
 libgcc.a(*)

.ARM.attributes
                0x0000000000000000       0x2e
 *(.ARM.attributes)
 .ARM.attributes
                0x0000000000000000       0x1e c:/stm32cubeide_1.6.1/stm32cubeide/plugins/com.st.stm32cube.ide.mcu.externaltools.gnu-tools-for-stm32.9-2020-q2-update.win32_2.0.0.202105311346/tools/bin/../lib/gcc/arm-none-eabi/9.3.1/thumb/v7e-m+dp/hard/crti.o
 .ARM.attributes
                0x000000000000001e       0x32 c:/stm32cubeide_1.6.1/stm32cubeide/plugins/com.st.stm32cube.ide.mcu.externaltools.gnu-tools-for-stm32.9-2020-q2-update.win32_2.0.0.202105311346/tools/bin/../lib/gcc/arm-none-eabi/9.3.1/thumb/v7e-m+dp/hard/crtbegin.o
 .ARM.attributes
                0x0000000000000050       0x32 ./Common/Src/system_stm32h7xx_dualcore_boot_cm4_cm7.o
 .ARM.attributes
                0x0000000000000082       0x32 ./Core/Src/GFX_FUNCTIONS.o
 .ARM.attributes
                0x00000000000000b4       0x32 ./Core/Src/ST7735.o
 .ARM.attributes
                0x00000000000000e6       0x37 ./Core/Src/fonts.o
 .ARM.attributes
                0x000000000000011d       0x32 ./Core/Src/main.o
 .ARM.attributes
                0x000000000000014f       0x32 ./Core/Src/stm32h7xx_hal_msp.o
 .ARM.attributes
                0x0000000000000181       0x32 ./Core/Src/stm32h7xx_it.o
 .ARM.attributes
                0x00000000000001b3       0x21 ./Core/Startup/startup_stm32h745zitx.o
 .ARM.attributes
                0x00000000000001d4       0x32 ./Drivers/STM32H7xx_HAL_Driver/stm32h7xx_hal.o
 .ARM.attributes
                0x0000000000000206       0x32 ./Drivers/STM32H7xx_HAL_Driver/stm32h7xx_hal_cortex.o
 .ARM.attributes
                0x0000000000000238       0x32 ./Drivers/STM32H7xx_HAL_Driver/stm32h7xx_hal_dma.o
 .ARM.attributes
                0x000000000000026a       0x32 ./Drivers/STM32H7xx_HAL_Driver/stm32h7xx_hal_eth.o
 .ARM.attributes
                0x000000000000029c       0x32 ./Drivers/STM32H7xx_HAL_Driver/stm32h7xx_hal_gpio.o
 .ARM.attributes
                0x00000000000002ce       0x32 ./Drivers/STM32H7xx_HAL_Driver/stm32h7xx_hal_hsem.o
 .ARM.attributes
                0x0000000000000300       0x32 ./Drivers/STM32H7xx_HAL_Driver/stm32h7xx_hal_pcd.o
 .ARM.attributes
                0x0000000000000332       0x32 ./Drivers/STM32H7xx_HAL_Driver/stm32h7xx_hal_pcd_ex.o
 .ARM.attributes
                0x0000000000000364       0x32 ./Drivers/STM32H7xx_HAL_Driver/stm32h7xx_hal_pwr_ex.o
 .ARM.attributes
                0x0000000000000396       0x32 ./Drivers/STM32H7xx_HAL_Driver/stm32h7xx_hal_rcc.o
 .ARM.attributes
                0x00000000000003c8       0x32 ./Drivers/STM32H7xx_HAL_Driver/stm32h7xx_hal_rcc_ex.o
 .ARM.attributes
                0x00000000000003fa       0x32 ./Drivers/STM32H7xx_HAL_Driver/stm32h7xx_hal_spi.o
 .ARM.attributes
                0x000000000000042c       0x32 ./Drivers/STM32H7xx_HAL_Driver/stm32h7xx_hal_uart.o
 .ARM.attributes
                0x000000000000045e       0x32 ./Drivers/STM32H7xx_HAL_Driver/stm32h7xx_hal_uart_ex.o
 .ARM.attributes
                0x0000000000000490       0x32 ./Drivers/STM32H7xx_HAL_Driver/stm32h7xx_ll_usb.o
 .ARM.attributes
                0x00000000000004c2       0x32 c:/stm32cubeide_1.6.1/stm32cubeide/plugins/com.st.stm32cube.ide.mcu.externaltools.gnu-tools-for-stm32.9-2020-q2-update.win32_2.0.0.202105311346/tools/bin/../lib/gcc/arm-none-eabi/9.3.1/../../../../arm-none-eabi/lib/thumb/v7e-m+dp/hard\libc_nano.a(lib_a-init.o)
 .ARM.attributes
                0x00000000000004f4       0x32 c:/stm32cubeide_1.6.1/stm32cubeide/plugins/com.st.stm32cube.ide.mcu.externaltools.gnu-tools-for-stm32.9-2020-q2-update.win32_2.0.0.202105311346/tools/bin/../lib/gcc/arm-none-eabi/9.3.1/../../../../arm-none-eabi/lib/thumb/v7e-m+dp/hard\libc_nano.a(lib_a-memset.o)
 .ARM.attributes
                0x0000000000000526       0x1e c:/stm32cubeide_1.6.1/stm32cubeide/plugins/com.st.stm32cube.ide.mcu.externaltools.gnu-tools-for-stm32.9-2020-q2-update.win32_2.0.0.202105311346/tools/bin/../lib/gcc/arm-none-eabi/9.3.1/thumb/v7e-m+dp/hard\libgcc.a(_aeabi_uldivmod.o)
 .ARM.attributes
                0x0000000000000544       0x32 c:/stm32cubeide_1.6.1/stm32cubeide/plugins/com.st.stm32cube.ide.mcu.externaltools.gnu-tools-for-stm32.9-2020-q2-update.win32_2.0.0.202105311346/tools/bin/../lib/gcc/arm-none-eabi/9.3.1/thumb/v7e-m+dp/hard\libgcc.a(_udivmoddi4.o)
 .ARM.attributes
                0x0000000000000576       0x1e c:/stm32cubeide_1.6.1/stm32cubeide/plugins/com.st.stm32cube.ide.mcu.externaltools.gnu-tools-for-stm32.9-2020-q2-update.win32_2.0.0.202105311346/tools/bin/../lib/gcc/arm-none-eabi/9.3.1/thumb/v7e-m+dp/hard\libgcc.a(_dvmd_tls.o)
 .ARM.attributes
                0x0000000000000594       0x1e c:/stm32cubeide_1.6.1/stm32cubeide/plugins/com.st.stm32cube.ide.mcu.externaltools.gnu-tools-for-stm32.9-2020-q2-update.win32_2.0.0.202105311346/tools/bin/../lib/gcc/arm-none-eabi/9.3.1/thumb/v7e-m+dp/hard/crtn.o
OUTPUT(Finalembed2_CM7.elf elf32-littlearm)
LOAD linker stubs
LOAD c:/stm32cubeide_1.6.1/stm32cubeide/plugins/com.st.stm32cube.ide.mcu.externaltools.gnu-tools-for-stm32.9-2020-q2-update.win32_2.0.0.202105311346/tools/bin/../lib/gcc/arm-none-eabi/9.3.1/../../../../arm-none-eabi/lib/thumb/v7e-m+dp/hard\libc.a
LOAD c:/stm32cubeide_1.6.1/stm32cubeide/plugins/com.st.stm32cube.ide.mcu.externaltools.gnu-tools-for-stm32.9-2020-q2-update.win32_2.0.0.202105311346/tools/bin/../lib/gcc/arm-none-eabi/9.3.1/../../../../arm-none-eabi/lib/thumb/v7e-m+dp/hard\libm.a
LOAD c:/stm32cubeide_1.6.1/stm32cubeide/plugins/com.st.stm32cube.ide.mcu.externaltools.gnu-tools-for-stm32.9-2020-q2-update.win32_2.0.0.202105311346/tools/bin/../lib/gcc/arm-none-eabi/9.3.1/thumb/v7e-m+dp/hard\libgcc.a

.debug_info     0x0000000000000000    0x2c9a6
 .debug_info    0x0000000000000000     0x184a ./Common/Src/system_stm32h7xx_dualcore_boot_cm4_cm7.o
 .debug_info    0x000000000000184a     0x2157 ./Core/Src/GFX_FUNCTIONS.o
 .debug_info    0x00000000000039a1     0x18fb ./Core/Src/ST7735.o
 .debug_info    0x000000000000529c      0x1ae ./Core/Src/fonts.o
 .debug_info    0x000000000000544a     0x4174 ./Core/Src/main.o
 .debug_info    0x00000000000095be     0x3766 ./Core/Src/stm32h7xx_hal_msp.o
 .debug_info    0x000000000000cd24     0x135a ./Core/Src/stm32h7xx_it.o
 .debug_info    0x000000000000e07e       0x22 ./Core/Startup/startup_stm32h745zitx.o
 .debug_info    0x000000000000e0a0     0x21ec ./Drivers/STM32H7xx_HAL_Driver/stm32h7xx_hal.o
 .debug_info    0x000000000001028c     0x1c31 ./Drivers/STM32H7xx_HAL_Driver/stm32h7xx_hal_cortex.o
 .debug_info    0x0000000000011ebd     0x175f ./Drivers/STM32H7xx_HAL_Driver/stm32h7xx_hal_dma.o
 .debug_info    0x000000000001361c     0x3293 ./Drivers/STM32H7xx_HAL_Driver/stm32h7xx_hal_eth.o
 .debug_info    0x00000000000168af     0x189e ./Drivers/STM32H7xx_HAL_Driver/stm32h7xx_hal_gpio.o
 .debug_info    0x000000000001814d      0xed3 ./Drivers/STM32H7xx_HAL_Driver/stm32h7xx_hal_hsem.o
 .debug_info    0x0000000000019020     0x1d2d ./Drivers/STM32H7xx_HAL_Driver/stm32h7xx_hal_pcd.o
 .debug_info    0x000000000001ad4d     0x1331 ./Drivers/STM32H7xx_HAL_Driver/stm32h7xx_hal_pcd_ex.o
 .debug_info    0x000000000001c07e     0x1d5d ./Drivers/STM32H7xx_HAL_Driver/stm32h7xx_hal_pwr_ex.o
 .debug_info    0x000000000001dddb     0x194f ./Drivers/STM32H7xx_HAL_Driver/stm32h7xx_hal_rcc.o
 .debug_info    0x000000000001f72a     0x1de0 ./Drivers/STM32H7xx_HAL_Driver/stm32h7xx_hal_rcc_ex.o
 .debug_info    0x000000000002150a     0x1fc7 ./Drivers/STM32H7xx_HAL_Driver/stm32h7xx_hal_spi.o
 .debug_info    0x00000000000234d1     0x558a ./Drivers/STM32H7xx_HAL_Driver/stm32h7xx_hal_uart.o
 .debug_info    0x0000000000028a5b     0x19a9 ./Drivers/STM32H7xx_HAL_Driver/stm32h7xx_hal_uart_ex.o
 .debug_info    0x000000000002a404     0x25a2 ./Drivers/STM32H7xx_HAL_Driver/stm32h7xx_ll_usb.o

.debug_abbrev   0x0000000000000000     0x4163
 .debug_abbrev  0x0000000000000000      0x262 ./Common/Src/system_stm32h7xx_dualcore_boot_cm4_cm7.o
 .debug_abbrev  0x0000000000000262      0x317 ./Core/Src/GFX_FUNCTIONS.o
 .debug_abbrev  0x0000000000000579      0x2b8 ./Core/Src/ST7735.o
 .debug_abbrev  0x0000000000000831       0xad ./Core/Src/fonts.o
 .debug_abbrev  0x00000000000008de      0x3ef ./Core/Src/main.o
 .debug_abbrev  0x0000000000000ccd      0x2b6 ./Core/Src/stm32h7xx_hal_msp.o
 .debug_abbrev  0x0000000000000f83      0x218 ./Core/Src/stm32h7xx_it.o
 .debug_abbrev  0x000000000000119b       0x12 ./Core/Startup/startup_stm32h745zitx.o
 .debug_abbrev  0x00000000000011ad      0x31b ./Drivers/STM32H7xx_HAL_Driver/stm32h7xx_hal.o
 .debug_abbrev  0x00000000000014c8      0x409 ./Drivers/STM32H7xx_HAL_Driver/stm32h7xx_hal_cortex.o
 .debug_abbrev  0x00000000000018d1      0x2c1 ./Drivers/STM32H7xx_HAL_Driver/stm32h7xx_hal_dma.o
 .debug_abbrev  0x0000000000001b92      0x328 ./Drivers/STM32H7xx_HAL_Driver/stm32h7xx_hal_eth.o
 .debug_abbrev  0x0000000000001eba      0x2cb ./Drivers/STM32H7xx_HAL_Driver/stm32h7xx_hal_gpio.o
 .debug_abbrev  0x0000000000002185      0x2e9 ./Drivers/STM32H7xx_HAL_Driver/stm32h7xx_hal_hsem.o
 .debug_abbrev  0x000000000000246e      0x33a ./Drivers/STM32H7xx_HAL_Driver/stm32h7xx_hal_pcd.o
 .debug_abbrev  0x00000000000027a8      0x2e0 ./Drivers/STM32H7xx_HAL_Driver/stm32h7xx_hal_pcd_ex.o
 .debug_abbrev  0x0000000000002a88      0x37d ./Drivers/STM32H7xx_HAL_Driver/stm32h7xx_hal_pwr_ex.o
 .debug_abbrev  0x0000000000002e05      0x322 ./Drivers/STM32H7xx_HAL_Driver/stm32h7xx_hal_rcc.o
 .debug_abbrev  0x0000000000003127      0x31d ./Drivers/STM32H7xx_HAL_Driver/stm32h7xx_hal_rcc_ex.o
 .debug_abbrev  0x0000000000003444      0x313 ./Drivers/STM32H7xx_HAL_Driver/stm32h7xx_hal_spi.o
 .debug_abbrev  0x0000000000003757      0x37d ./Drivers/STM32H7xx_HAL_Driver/stm32h7xx_hal_uart.o
 .debug_abbrev  0x0000000000003ad4      0x33d ./Drivers/STM32H7xx_HAL_Driver/stm32h7xx_hal_uart_ex.o
 .debug_abbrev  0x0000000000003e11      0x352 ./Drivers/STM32H7xx_HAL_Driver/stm32h7xx_ll_usb.o

.debug_aranges  0x0000000000000000     0x1498
 .debug_aranges
                0x0000000000000000       0x28 ./Common/Src/system_stm32h7xx_dualcore_boot_cm4_cm7.o
 .debug_aranges
                0x0000000000000028      0x100 ./Core/Src/GFX_FUNCTIONS.o
 .debug_aranges
                0x0000000000000128       0x90 ./Core/Src/ST7735.o
 .debug_aranges
                0x00000000000001b8       0x18 ./Core/Src/fonts.o
 .debug_aranges
                0x00000000000001d0       0xc0 ./Core/Src/main.o
 .debug_aranges
                0x0000000000000290       0x60 ./Core/Src/stm32h7xx_hal_msp.o
 .debug_aranges
                0x00000000000002f0       0x88 ./Core/Src/stm32h7xx_it.o
 .debug_aranges
                0x0000000000000378       0x28 ./Core/Startup/startup_stm32h745zitx.o
 .debug_aranges
                0x00000000000003a0      0x200 ./Drivers/STM32H7xx_HAL_Driver/stm32h7xx_hal.o
 .debug_aranges
                0x00000000000005a0      0x120 ./Drivers/STM32H7xx_HAL_Driver/stm32h7xx_hal_cortex.o
 .debug_aranges
                0x00000000000006c0       0xa0 ./Drivers/STM32H7xx_HAL_Driver/stm32h7xx_hal_dma.o
 .debug_aranges
                0x0000000000000760      0x1b0 ./Drivers/STM32H7xx_HAL_Driver/stm32h7xx_hal_eth.o
 .debug_aranges
                0x0000000000000910       0x58 ./Drivers/STM32H7xx_HAL_Driver/stm32h7xx_hal_gpio.o
 .debug_aranges
                0x0000000000000968       0x70 ./Drivers/STM32H7xx_HAL_Driver/stm32h7xx_hal_hsem.o
 .debug_aranges
                0x00000000000009d8      0x140 ./Drivers/STM32H7xx_HAL_Driver/stm32h7xx_hal_pcd.o
 .debug_aranges
                0x0000000000000b18       0x60 ./Drivers/STM32H7xx_HAL_Driver/stm32h7xx_hal_pcd_ex.o
 .debug_aranges
                0x0000000000000b78      0x170 ./Drivers/STM32H7xx_HAL_Driver/stm32h7xx_hal_pwr_ex.o
 .debug_aranges
                0x0000000000000ce8       0x88 ./Drivers/STM32H7xx_HAL_Driver/stm32h7xx_hal_rcc.o
 .debug_aranges
                0x0000000000000d70      0x100 ./Drivers/STM32H7xx_HAL_Driver/stm32h7xx_hal_rcc_ex.o
 .debug_aranges
                0x0000000000000e70      0x1a0 ./Drivers/STM32H7xx_HAL_Driver/stm32h7xx_hal_spi.o
 .debug_aranges
                0x0000000000001010      0x248 ./Drivers/STM32H7xx_HAL_Driver/stm32h7xx_hal_uart.o
 .debug_aranges
                0x0000000000001258       0xa0 ./Drivers/STM32H7xx_HAL_Driver/stm32h7xx_hal_uart_ex.o
 .debug_aranges
                0x00000000000012f8      0x1a0 ./Drivers/STM32H7xx_HAL_Driver/stm32h7xx_ll_usb.o

.debug_ranges   0x0000000000000000     0x1358
 .debug_ranges  0x0000000000000000       0x18 ./Common/Src/system_stm32h7xx_dualcore_boot_cm4_cm7.o
 .debug_ranges  0x0000000000000018       0xf0 ./Core/Src/GFX_FUNCTIONS.o
 .debug_ranges  0x0000000000000108       0x80 ./Core/Src/ST7735.o
 .debug_ranges  0x0000000000000188       0xb0 ./Core/Src/main.o
 .debug_ranges  0x0000000000000238       0x50 ./Core/Src/stm32h7xx_hal_msp.o
 .debug_ranges  0x0000000000000288       0x78 ./Core/Src/stm32h7xx_it.o
 .debug_ranges  0x0000000000000300       0x20 ./Core/Startup/startup_stm32h745zitx.o
 .debug_ranges  0x0000000000000320      0x1f0 ./Drivers/STM32H7xx_HAL_Driver/stm32h7xx_hal.o
 .debug_ranges  0x0000000000000510      0x110 ./Drivers/STM32H7xx_HAL_Driver/stm32h7xx_hal_cortex.o
 .debug_ranges  0x0000000000000620       0x90 ./Drivers/STM32H7xx_HAL_Driver/stm32h7xx_hal_dma.o
 .debug_ranges  0x00000000000006b0      0x1a0 ./Drivers/STM32H7xx_HAL_Driver/stm32h7xx_hal_eth.o
 .debug_ranges  0x0000000000000850       0x48 ./Drivers/STM32H7xx_HAL_Driver/stm32h7xx_hal_gpio.o
 .debug_ranges  0x0000000000000898       0x60 ./Drivers/STM32H7xx_HAL_Driver/stm32h7xx_hal_hsem.o
 .debug_ranges  0x00000000000008f8      0x130 ./Drivers/STM32H7xx_HAL_Driver/stm32h7xx_hal_pcd.o
 .debug_ranges  0x0000000000000a28       0x50 ./Drivers/STM32H7xx_HAL_Driver/stm32h7xx_hal_pcd_ex.o
 .debug_ranges  0x0000000000000a78      0x160 ./Drivers/STM32H7xx_HAL_Driver/stm32h7xx_hal_pwr_ex.o
 .debug_ranges  0x0000000000000bd8       0x78 ./Drivers/STM32H7xx_HAL_Driver/stm32h7xx_hal_rcc.o
 .debug_ranges  0x0000000000000c50       0xf0 ./Drivers/STM32H7xx_HAL_Driver/stm32h7xx_hal_rcc_ex.o
 .debug_ranges  0x0000000000000d40      0x190 ./Drivers/STM32H7xx_HAL_Driver/stm32h7xx_hal_spi.o
 .debug_ranges  0x0000000000000ed0      0x268 ./Drivers/STM32H7xx_HAL_Driver/stm32h7xx_hal_uart.o
 .debug_ranges  0x0000000000001138       0x90 ./Drivers/STM32H7xx_HAL_Driver/stm32h7xx_hal_uart_ex.o
 .debug_ranges  0x00000000000011c8      0x190 ./Drivers/STM32H7xx_HAL_Driver/stm32h7xx_ll_usb.o

.debug_macro    0x0000000000000000    0x3ba98
 .debug_macro   0x0000000000000000      0x2ec ./Common/Src/system_stm32h7xx_dualcore_boot_cm4_cm7.o
 .debug_macro   0x00000000000002ec      0xac6 ./Common/Src/system_stm32h7xx_dualcore_boot_cm4_cm7.o
 .debug_macro   0x0000000000000db2       0x2e ./Common/Src/system_stm32h7xx_dualcore_boot_cm4_cm7.o
 .debug_macro   0x0000000000000de0       0x49 ./Common/Src/system_stm32h7xx_dualcore_boot_cm4_cm7.o
 .debug_macro   0x0000000000000e29       0x22 ./Common/Src/system_stm32h7xx_dualcore_boot_cm4_cm7.o
 .debug_macro   0x0000000000000e4b       0x8e ./Common/Src/system_stm32h7xx_dualcore_boot_cm4_cm7.o
 .debug_macro   0x0000000000000ed9       0x51 ./Common/Src/system_stm32h7xx_dualcore_boot_cm4_cm7.o
 .debug_macro   0x0000000000000f2a      0x103 ./Common/Src/system_stm32h7xx_dualcore_boot_cm4_cm7.o
 .debug_macro   0x000000000000102d       0x6a ./Common/Src/system_stm32h7xx_dualcore_boot_cm4_cm7.o
 .debug_macro   0x0000000000001097      0x1df ./Common/Src/system_stm32h7xx_dualcore_boot_cm4_cm7.o
 .debug_macro   0x0000000000001276       0x1c ./Common/Src/system_stm32h7xx_dualcore_boot_cm4_cm7.o
 .debug_macro   0x0000000000001292       0x22 ./Common/Src/system_stm32h7xx_dualcore_boot_cm4_cm7.o
 .debug_macro   0x00000000000012b4      0x101 ./Common/Src/system_stm32h7xx_dualcore_boot_cm4_cm7.o
 .debug_macro   0x00000000000013b5     0x1305 ./Common/Src/system_stm32h7xx_dualcore_boot_cm4_cm7.o
 .debug_macro   0x00000000000026ba      0x11f ./Common/Src/system_stm32h7xx_dualcore_boot_cm4_cm7.o
 .debug_macro   0x00000000000027d9       0x27 ./Common/Src/system_stm32h7xx_dualcore_boot_cm4_cm7.o
 .debug_macro   0x0000000000002800    0x26d2a ./Common/Src/system_stm32h7xx_dualcore_boot_cm4_cm7.o
 .debug_macro   0x000000000002952a       0x6d ./Common/Src/system_stm32h7xx_dualcore_boot_cm4_cm7.o
 .debug_macro   0x0000000000029597      0x244 ./Common/Src/system_stm32h7xx_dualcore_boot_cm4_cm7.o
 .debug_macro   0x00000000000297db     0x3d1e ./Common/Src/system_stm32h7xx_dualcore_boot_cm4_cm7.o
 .debug_macro   0x000000000002d4f9      0x174 ./Common/Src/system_stm32h7xx_dualcore_boot_cm4_cm7.o
 .debug_macro   0x000000000002d66d       0x52 ./Common/Src/system_stm32h7xx_dualcore_boot_cm4_cm7.o
 .debug_macro   0x000000000002d6bf       0x17 ./Common/Src/system_stm32h7xx_dualcore_boot_cm4_cm7.o
 .debug_macro   0x000000000002d6d6       0x3c ./Common/Src/system_stm32h7xx_dualcore_boot_cm4_cm7.o
 .debug_macro   0x000000000002d712       0x34 ./Common/Src/system_stm32h7xx_dualcore_boot_cm4_cm7.o
 .debug_macro   0x000000000002d746       0x16 ./Common/Src/system_stm32h7xx_dualcore_boot_cm4_cm7.o
 .debug_macro   0x000000000002d75c       0x43 ./Common/Src/system_stm32h7xx_dualcore_boot_cm4_cm7.o
 .debug_macro   0x000000000002d79f       0x34 ./Common/Src/system_stm32h7xx_dualcore_boot_cm4_cm7.o
 .debug_macro   0x000000000002d7d3       0x10 ./Common/Src/system_stm32h7xx_dualcore_boot_cm4_cm7.o
 .debug_macro   0x000000000002d7e3       0x58 ./Common/Src/system_stm32h7xx_dualcore_boot_cm4_cm7.o
 .debug_macro   0x000000000002d83b       0x71 ./Common/Src/system_stm32h7xx_dualcore_boot_cm4_cm7.o
 .debug_macro   0x000000000002d8ac       0x1c ./Common/Src/system_stm32h7xx_dualcore_boot_cm4_cm7.o
 .debug_macro   0x000000000002d8c8      0x12a ./Common/Src/system_stm32h7xx_dualcore_boot_cm4_cm7.o
 .debug_macro   0x000000000002d9f2      0x333 ./Common/Src/system_stm32h7xx_dualcore_boot_cm4_cm7.o
 .debug_macro   0x000000000002dd25      0x1a9 ./Common/Src/system_stm32h7xx_dualcore_boot_cm4_cm7.o
 .debug_macro   0x000000000002dece       0x5d ./Common/Src/system_stm32h7xx_dualcore_boot_cm4_cm7.o
 .debug_macro   0x000000000002df2b     0x3a9d ./Common/Src/system_stm32h7xx_dualcore_boot_cm4_cm7.o
 .debug_macro   0x00000000000319c8     0x1048 ./Common/Src/system_stm32h7xx_dualcore_boot_cm4_cm7.o
 .debug_macro   0x0000000000032a10      0x14d ./Common/Src/system_stm32h7xx_dualcore_boot_cm4_cm7.o
 .debug_macro   0x0000000000032b5d      0x130 ./Common/Src/system_stm32h7xx_dualcore_boot_cm4_cm7.o
 .debug_macro   0x0000000000032c8d      0x3be ./Common/Src/system_stm32h7xx_dualcore_boot_cm4_cm7.o
 .debug_macro   0x000000000003304b       0xac ./Common/Src/system_stm32h7xx_dualcore_boot_cm4_cm7.o
 .debug_macro   0x00000000000330f7      0x72d ./Common/Src/system_stm32h7xx_dualcore_boot_cm4_cm7.o
 .debug_macro   0x0000000000033824      0x228 ./Common/Src/system_stm32h7xx_dualcore_boot_cm4_cm7.o
 .debug_macro   0x0000000000033a4c       0x66 ./Common/Src/system_stm32h7xx_dualcore_boot_cm4_cm7.o
 .debug_macro   0x0000000000033ab2      0x3bb ./Common/Src/system_stm32h7xx_dualcore_boot_cm4_cm7.o
 .debug_macro   0x0000000000033e6d      0xa6e ./Common/Src/system_stm32h7xx_dualcore_boot_cm4_cm7.o
 .debug_macro   0x00000000000348db      0x129 ./Common/Src/system_stm32h7xx_dualcore_boot_cm4_cm7.o
 .debug_macro   0x0000000000034a04      0x407 ./Common/Src/system_stm32h7xx_dualcore_boot_cm4_cm7.o
 .debug_macro   0x0000000000034e0b      0x27c ./Common/Src/system_stm32h7xx_dualcore_boot_cm4_cm7.o
 .debug_macro   0x0000000000035087      0x3ca ./Common/Src/system_stm32h7xx_dualcore_boot_cm4_cm7.o
 .debug_macro   0x0000000000035451      0x4a2 ./Common/Src/system_stm32h7xx_dualcore_boot_cm4_cm7.o
 .debug_macro   0x00000000000358f3       0x51 ./Common/Src/system_stm32h7xx_dualcore_boot_cm4_cm7.o
 .debug_macro   0x0000000000035944       0x4a ./Common/Src/system_stm32h7xx_dualcore_boot_cm4_cm7.o
 .debug_macro   0x000000000003598e      0x22c ./Common/Src/system_stm32h7xx_dualcore_boot_cm4_cm7.o
 .debug_macro   0x0000000000035bba       0x67 ./Common/Src/system_stm32h7xx_dualcore_boot_cm4_cm7.o
 .debug_macro   0x0000000000035c21       0xa5 ./Common/Src/system_stm32h7xx_dualcore_boot_cm4_cm7.o
 .debug_macro   0x0000000000035cc6      0x218 ./Common/Src/system_stm32h7xx_dualcore_boot_cm4_cm7.o
 .debug_macro   0x0000000000035ede      0x2ea ./Common/Src/system_stm32h7xx_dualcore_boot_cm4_cm7.o
 .debug_macro   0x00000000000361c8       0x35 ./Common/Src/system_stm32h7xx_dualcore_boot_cm4_cm7.o
 .debug_macro   0x00000000000361fd      0x5e4 ./Common/Src/system_stm32h7xx_dualcore_boot_cm4_cm7.o
 .debug_macro   0x00000000000367e1       0x9e ./Common/Src/system_stm32h7xx_dualcore_boot_cm4_cm7.o
 .debug_macro   0x000000000003687f      0x67e ./Common/Src/system_stm32h7xx_dualcore_boot_cm4_cm7.o
 .debug_macro   0x0000000000036efd       0xa6 ./Common/Src/system_stm32h7xx_dualcore_boot_cm4_cm7.o
 .debug_macro   0x0000000000036fa3      0x248 ./Common/Src/system_stm32h7xx_dualcore_boot_cm4_cm7.o
 .debug_macro   0x00000000000371eb       0x90 ./Common/Src/system_stm32h7xx_dualcore_boot_cm4_cm7.o
 .debug_macro   0x000000000003727b      0x798 ./Common/Src/system_stm32h7xx_dualcore_boot_cm4_cm7.o
 .debug_macro   0x0000000000037a13      0x348 ./Core/Src/GFX_FUNCTIONS.o
 .debug_macro   0x0000000000037d5b       0x22 ./Core/Src/GFX_FUNCTIONS.o
 .debug_macro   0x0000000000037d7d      0x184 ./Core/Src/GFX_FUNCTIONS.o
 .debug_macro   0x0000000000037f01       0x16 ./Core/Src/GFX_FUNCTIONS.o
 .debug_macro   0x0000000000037f17       0x35 ./Core/Src/GFX_FUNCTIONS.o
 .debug_macro   0x0000000000037f4c       0x16 ./Core/Src/GFX_FUNCTIONS.o
 .debug_macro   0x0000000000037f62       0x29 ./Core/Src/GFX_FUNCTIONS.o
 .debug_macro   0x0000000000037f8b      0x308 ./Core/Src/ST7735.o
 .debug_macro   0x0000000000038293       0x6d ./Core/Src/fonts.o
 .debug_macro   0x0000000000038300      0x357 ./Core/Src/main.o
 .debug_macro   0x0000000000038657       0xa0 ./Core/Src/main.o
 .debug_macro   0x00000000000386f7       0x16 ./Core/Src/main.o
 .debug_macro   0x000000000003870d       0x20 ./Core/Src/main.o
 .debug_macro   0x000000000003872d      0x2f5 ./Core/Src/stm32h7xx_hal_msp.o
 .debug_macro   0x0000000000038a22      0x2ff ./Core/Src/stm32h7xx_it.o
 .debug_macro   0x0000000000038d21      0x310 ./Drivers/STM32H7xx_HAL_Driver/stm32h7xx_hal.o
 .debug_macro   0x0000000000039031      0x2e6 ./Drivers/STM32H7xx_HAL_Driver/stm32h7xx_hal_cortex.o
 .debug_macro   0x0000000000039317      0x339 ./Drivers/STM32H7xx_HAL_Driver/stm32h7xx_hal_dma.o
 .debug_macro   0x0000000000039650      0x373 ./Drivers/STM32H7xx_HAL_Driver/stm32h7xx_hal_eth.o
 .debug_macro   0x00000000000399c3      0x2fa ./Drivers/STM32H7xx_HAL_Driver/stm32h7xx_hal_gpio.o
 .debug_macro   0x0000000000039cbd      0x2f8 ./Drivers/STM32H7xx_HAL_Driver/stm32h7xx_hal_hsem.o
 .debug_macro   0x0000000000039fb5      0x2f2 ./Drivers/STM32H7xx_HAL_Driver/stm32h7xx_hal_pcd.o
 .debug_macro   0x000000000003a2a7      0x2e6 ./Drivers/STM32H7xx_HAL_Driver/stm32h7xx_hal_pcd_ex.o
 .debug_macro   0x000000000003a58d      0x31f ./Drivers/STM32H7xx_HAL_Driver/stm32h7xx_hal_pwr_ex.o
 .debug_macro   0x000000000003a8ac      0x30a ./Drivers/STM32H7xx_HAL_Driver/stm32h7xx_hal_rcc.o
 .debug_macro   0x000000000003abb6      0x304 ./Drivers/STM32H7xx_HAL_Driver/stm32h7xx_hal_rcc_ex.o
 .debug_macro   0x000000000003aeba      0x2f5 ./Drivers/STM32H7xx_HAL_Driver/stm32h7xx_hal_spi.o
 .debug_macro   0x000000000003b1af      0x311 ./Drivers/STM32H7xx_HAL_Driver/stm32h7xx_hal_uart.o
 .debug_macro   0x000000000003b4c0      0x2f2 ./Drivers/STM32H7xx_HAL_Driver/stm32h7xx_hal_uart_ex.o
 .debug_macro   0x000000000003b7b2      0x2e6 ./Drivers/STM32H7xx_HAL_Driver/stm32h7xx_ll_usb.o

.debug_line     0x0000000000000000    0x1c222
 .debug_line    0x0000000000000000      0xabc ./Common/Src/system_stm32h7xx_dualcore_boot_cm4_cm7.o
 .debug_line    0x0000000000000abc     0x1586 ./Core/Src/GFX_FUNCTIONS.o
 .debug_line    0x0000000000002042      0xcd4 ./Core/Src/ST7735.o
 .debug_line    0x0000000000002d16      0x37e ./Core/Src/fonts.o
 .debug_line    0x0000000000003094     0x1349 ./Core/Src/main.o
 .debug_line    0x00000000000043dd      0xb6f ./Core/Src/stm32h7xx_hal_msp.o
 .debug_line    0x0000000000004f4c      0xa09 ./Core/Src/stm32h7xx_it.o
 .debug_line    0x0000000000005955       0x88 ./Core/Startup/startup_stm32h745zitx.o
 .debug_line    0x00000000000059dd      0xff6 ./Drivers/STM32H7xx_HAL_Driver/stm32h7xx_hal.o
 .debug_line    0x00000000000069d3      0xea9 ./Drivers/STM32H7xx_HAL_Driver/stm32h7xx_hal_cortex.o
 .debug_line    0x000000000000787c     0x27de ./Drivers/STM32H7xx_HAL_Driver/stm32h7xx_hal_dma.o
 .debug_line    0x000000000000a05a     0x1cbb ./Drivers/STM32H7xx_HAL_Driver/stm32h7xx_hal_eth.o
 .debug_line    0x000000000000bd15      0xd5a ./Drivers/STM32H7xx_HAL_Driver/stm32h7xx_hal_gpio.o
 .debug_line    0x000000000000ca6f      0xa59 ./Drivers/STM32H7xx_HAL_Driver/stm32h7xx_hal_hsem.o
 .debug_line    0x000000000000d4c8     0x1575 ./Drivers/STM32H7xx_HAL_Driver/stm32h7xx_hal_pcd.o
 .debug_line    0x000000000000ea3d      0xac5 ./Drivers/STM32H7xx_HAL_Driver/stm32h7xx_hal_pcd_ex.o
 .debug_line    0x000000000000f502     0x10c4 ./Drivers/STM32H7xx_HAL_Driver/stm32h7xx_hal_pwr_ex.o
 .debug_line    0x00000000000105c6     0x1402 ./Drivers/STM32H7xx_HAL_Driver/stm32h7xx_hal_rcc.o
 .debug_line    0x00000000000119c8     0x1bc8 ./Drivers/STM32H7xx_HAL_Driver/stm32h7xx_hal_rcc_ex.o
 .debug_line    0x0000000000013590     0x21d0 ./Drivers/STM32H7xx_HAL_Driver/stm32h7xx_hal_spi.o
 .debug_line    0x0000000000015760     0x3ef0 ./Drivers/STM32H7xx_HAL_Driver/stm32h7xx_hal_uart.o
 .debug_line    0x0000000000019650      0xf75 ./Drivers/STM32H7xx_HAL_Driver/stm32h7xx_hal_uart_ex.o
 .debug_line    0x000000000001a5c5     0x1c5d ./Drivers/STM32H7xx_HAL_Driver/stm32h7xx_ll_usb.o

.debug_str      0x0000000000000000   0x1859ec
 .debug_str     0x0000000000000000   0x17cdf2 ./Common/Src/system_stm32h7xx_dualcore_boot_cm4_cm7.o
                                     0x17d35e (size before relaxing)
 .debug_str     0x000000000017cdf2      0xe09 ./Core/Src/GFX_FUNCTIONS.o
                                     0x17dc29 (size before relaxing)
 .debug_str     0x000000000017dbfb      0x1bf ./Core/Src/ST7735.o
                                     0x17da98 (size before relaxing)
 .debug_str     0x000000000017ddba       0x31 ./Core/Src/fonts.o
                                       0x3d98 (size before relaxing)
 .debug_str     0x000000000017ddeb     0x1df7 ./Core/Src/main.o
                                     0x17fa9c (size before relaxing)
 .debug_str     0x000000000017fbe2      0x3d4 ./Core/Src/stm32h7xx_hal_msp.o
                                     0x17f1c8 (size before relaxing)
 .debug_str     0x000000000017ffb6      0x125 ./Core/Src/stm32h7xx_it.o
                                     0x17d6cf (size before relaxing)
 .debug_str     0x00000000001800db       0x36 ./Core/Startup/startup_stm32h745zitx.o
                                         0x5e (size before relaxing)
 .debug_str     0x0000000000180111      0x8ec ./Drivers/STM32H7xx_HAL_Driver/stm32h7xx_hal.o
                                     0x17e2fd (size before relaxing)
 .debug_str     0x00000000001809fd      0x3ba ./Drivers/STM32H7xx_HAL_Driver/stm32h7xx_hal_cortex.o
                                     0x17dc31 (size before relaxing)
 .debug_str     0x0000000000180db7      0x88b ./Drivers/STM32H7xx_HAL_Driver/stm32h7xx_hal_dma.o
                                     0x17d9d1 (size before relaxing)
 .debug_str     0x0000000000181642     0x104e ./Drivers/STM32H7xx_HAL_Driver/stm32h7xx_hal_eth.o
                                     0x17e9a8 (size before relaxing)
 .debug_str     0x0000000000182690      0x167 ./Drivers/STM32H7xx_HAL_Driver/stm32h7xx_hal_gpio.o
                                     0x17d313 (size before relaxing)
 .debug_str     0x00000000001827f7      0x224 ./Drivers/STM32H7xx_HAL_Driver/stm32h7xx_hal_hsem.o
                                     0x17cfb2 (size before relaxing)
 .debug_str     0x0000000000182a1b      0x579 ./Drivers/STM32H7xx_HAL_Driver/stm32h7xx_hal_pcd.o
                                     0x17d700 (size before relaxing)
 .debug_str     0x0000000000182f94      0x1cf ./Drivers/STM32H7xx_HAL_Driver/stm32h7xx_hal_pcd_ex.o
                                     0x17d34b (size before relaxing)
 .debug_str     0x0000000000183163      0x69d ./Drivers/STM32H7xx_HAL_Driver/stm32h7xx_hal_pwr_ex.o
                                     0x17d7ec (size before relaxing)
 .debug_str     0x0000000000183800      0x287 ./Drivers/STM32H7xx_HAL_Driver/stm32h7xx_hal_rcc.o
                                     0x17d614 (size before relaxing)
 .debug_str     0x0000000000183a87      0x6a4 ./Drivers/STM32H7xx_HAL_Driver/stm32h7xx_hal_rcc_ex.o
                                     0x17db2e (size before relaxing)
 .debug_str     0x000000000018412b      0x55d ./Drivers/STM32H7xx_HAL_Driver/stm32h7xx_hal_spi.o
                                     0x17d8f1 (size before relaxing)
 .debug_str     0x0000000000184688      0x9af ./Drivers/STM32H7xx_HAL_Driver/stm32h7xx_hal_uart.o
                                     0x17e01d (size before relaxing)
 .debug_str     0x0000000000185037      0x2f6 ./Drivers/STM32H7xx_HAL_Driver/stm32h7xx_hal_uart_ex.o
                                     0x17d645 (size before relaxing)
 .debug_str     0x000000000018532d      0x6bf ./Drivers/STM32H7xx_HAL_Driver/stm32h7xx_ll_usb.o
                                     0x17d884 (size before relaxing)

.comment        0x0000000000000000       0x53
 .comment       0x0000000000000000       0x53 ./Common/Src/system_stm32h7xx_dualcore_boot_cm4_cm7.o
                                         0x54 (size before relaxing)
 .comment       0x0000000000000053       0x54 ./Core/Src/GFX_FUNCTIONS.o
 .comment       0x0000000000000053       0x54 ./Core/Src/ST7735.o
 .comment       0x0000000000000053       0x54 ./Core/Src/fonts.o
 .comment       0x0000000000000053       0x54 ./Core/Src/main.o
 .comment       0x0000000000000053       0x54 ./Core/Src/stm32h7xx_hal_msp.o
 .comment       0x0000000000000053       0x54 ./Core/Src/stm32h7xx_it.o
 .comment       0x0000000000000053       0x54 ./Drivers/STM32H7xx_HAL_Driver/stm32h7xx_hal.o
 .comment       0x0000000000000053       0x54 ./Drivers/STM32H7xx_HAL_Driver/stm32h7xx_hal_cortex.o
 .comment       0x0000000000000053       0x54 ./Drivers/STM32H7xx_HAL_Driver/stm32h7xx_hal_dma.o
 .comment       0x0000000000000053       0x54 ./Drivers/STM32H7xx_HAL_Driver/stm32h7xx_hal_eth.o
 .comment       0x0000000000000053       0x54 ./Drivers/STM32H7xx_HAL_Driver/stm32h7xx_hal_gpio.o
 .comment       0x0000000000000053       0x54 ./Drivers/STM32H7xx_HAL_Driver/stm32h7xx_hal_hsem.o
 .comment       0x0000000000000053       0x54 ./Drivers/STM32H7xx_HAL_Driver/stm32h7xx_hal_pcd.o
 .comment       0x0000000000000053       0x54 ./Drivers/STM32H7xx_HAL_Driver/stm32h7xx_hal_pcd_ex.o
 .comment       0x0000000000000053       0x54 ./Drivers/STM32H7xx_HAL_Driver/stm32h7xx_hal_pwr_ex.o
 .comment       0x0000000000000053       0x54 ./Drivers/STM32H7xx_HAL_Driver/stm32h7xx_hal_rcc.o
 .comment       0x0000000000000053       0x54 ./Drivers/STM32H7xx_HAL_Driver/stm32h7xx_hal_rcc_ex.o
 .comment       0x0000000000000053       0x54 ./Drivers/STM32H7xx_HAL_Driver/stm32h7xx_hal_spi.o
 .comment       0x0000000000000053       0x54 ./Drivers/STM32H7xx_HAL_Driver/stm32h7xx_hal_uart.o
 .comment       0x0000000000000053       0x54 ./Drivers/STM32H7xx_HAL_Driver/stm32h7xx_hal_uart_ex.o
 .comment       0x0000000000000053       0x54 ./Drivers/STM32H7xx_HAL_Driver/stm32h7xx_ll_usb.o

.debug_frame    0x0000000000000000     0x5784
 .debug_frame   0x0000000000000000       0x58 ./Common/Src/system_stm32h7xx_dualcore_boot_cm4_cm7.o
 .debug_frame   0x0000000000000058      0x478 ./Core/Src/GFX_FUNCTIONS.o
 .debug_frame   0x00000000000004d0      0x23c ./Core/Src/ST7735.o
 .debug_frame   0x000000000000070c      0x2e0 ./Core/Src/main.o
 .debug_frame   0x00000000000009ec      0x164 ./Core/Src/stm32h7xx_hal_msp.o
 .debug_frame   0x0000000000000b50      0x190 ./Core/Src/stm32h7xx_it.o
 .debug_frame   0x0000000000000ce0      0x848 ./Drivers/STM32H7xx_HAL_Driver/stm32h7xx_hal.o
 .debug_frame   0x0000000000001528      0x4b8 ./Drivers/STM32H7xx_HAL_Driver/stm32h7xx_hal_cortex.o
 .debug_frame   0x00000000000019e0      0x2b4 ./Drivers/STM32H7xx_HAL_Driver/stm32h7xx_hal_dma.o
 .debug_frame   0x0000000000001c94      0x7d0 ./Drivers/STM32H7xx_HAL_Driver/stm32h7xx_hal_eth.o
 .debug_frame   0x0000000000002464      0x14c ./Drivers/STM32H7xx_HAL_Driver/stm32h7xx_hal_gpio.o
 .debug_frame   0x00000000000025b0      0x1bc ./Drivers/STM32H7xx_HAL_Driver/stm32h7xx_hal_hsem.o
 .debug_frame   0x000000000000276c      0x598 ./Drivers/STM32H7xx_HAL_Driver/stm32h7xx_hal_pcd.o
 .debug_frame   0x0000000000002d04      0x174 ./Drivers/STM32H7xx_HAL_Driver/stm32h7xx_hal_pcd_ex.o
 .debug_frame   0x0000000000002e78      0x5ec ./Drivers/STM32H7xx_HAL_Driver/stm32h7xx_hal_pwr_ex.o
 .debug_frame   0x0000000000003464      0x1f8 ./Drivers/STM32H7xx_HAL_Driver/stm32h7xx_hal_rcc.o
 .debug_frame   0x000000000000365c      0x41c ./Drivers/STM32H7xx_HAL_Driver/stm32h7xx_hal_rcc_ex.o
 .debug_frame   0x0000000000003a78      0x778 ./Drivers/STM32H7xx_HAL_Driver/stm32h7xx_hal_spi.o
 .debug_frame   0x00000000000041f0      0xa8c ./Drivers/STM32H7xx_HAL_Driver/stm32h7xx_hal_uart.o
 .debug_frame   0x0000000000004c7c      0x29c ./Drivers/STM32H7xx_HAL_Driver/stm32h7xx_hal_uart_ex.o
 .debug_frame   0x0000000000004f18      0x7c0 ./Drivers/STM32H7xx_HAL_Driver/stm32h7xx_ll_usb.o
 .debug_frame   0x00000000000056d8       0x2c c:/stm32cubeide_1.6.1/stm32cubeide/plugins/com.st.stm32cube.ide.mcu.externaltools.gnu-tools-for-stm32.9-2020-q2-update.win32_2.0.0.202105311346/tools/bin/../lib/gcc/arm-none-eabi/9.3.1/../../../../arm-none-eabi/lib/thumb/v7e-m+dp/hard\libc_nano.a(lib_a-init.o)
 .debug_frame   0x0000000000005704       0x20 c:/stm32cubeide_1.6.1/stm32cubeide/plugins/com.st.stm32cube.ide.mcu.externaltools.gnu-tools-for-stm32.9-2020-q2-update.win32_2.0.0.202105311346/tools/bin/../lib/gcc/arm-none-eabi/9.3.1/../../../../arm-none-eabi/lib/thumb/v7e-m+dp/hard\libc_nano.a(lib_a-memset.o)
 .debug_frame   0x0000000000005724       0x2c c:/stm32cubeide_1.6.1/stm32cubeide/plugins/com.st.stm32cube.ide.mcu.externaltools.gnu-tools-for-stm32.9-2020-q2-update.win32_2.0.0.202105311346/tools/bin/../lib/gcc/arm-none-eabi/9.3.1/thumb/v7e-m+dp/hard\libgcc.a(_aeabi_uldivmod.o)
 .debug_frame   0x0000000000005750       0x34 c:/stm32cubeide_1.6.1/stm32cubeide/plugins/com.st.stm32cube.ide.mcu.externaltools.gnu-tools-for-stm32.9-2020-q2-update.win32_2.0.0.202105311346/tools/bin/../lib/gcc/arm-none-eabi/9.3.1/thumb/v7e-m+dp/hard\libgcc.a(_udivmoddi4.o)